Component: Arm Compiler for Embedded 6.19 Tool: armlink [5e73cb00]

==============================================================================

Section Cross References

    startup_stm32f405xx.o(STACK) refers (Special) to heapauxi.o(.text) for __use_two_region_memory
    startup_stm32f405xx.o(HEAP) refers (Special) to heapauxi.o(.text) for __use_two_region_memory
    startup_stm32f405xx.o(RESET) refers (Special) to heapauxi.o(.text) for __use_two_region_memory
    startup_stm32f405xx.o(RESET) refers to startup_stm32f405xx.o(STACK) for __initial_sp
    startup_stm32f405xx.o(RESET) refers to startup_stm32f405xx.o(.text) for Reset_Handler
    startup_stm32f405xx.o(RESET) refers to stm32f4xx_it.o(.text.NMI_Handler) for NMI_Handler
    startup_stm32f405xx.o(RESET) refers to stm32f4xx_it.o(.text.HardFault_Handler) for HardFault_Handler
    startup_stm32f405xx.o(RESET) refers to stm32f4xx_it.o(.text.MemManage_Handler) for MemManage_Handler
    startup_stm32f405xx.o(RESET) refers to stm32f4xx_it.o(.text.BusFault_Handler) for BusFault_Handler
    startup_stm32f405xx.o(RESET) refers to stm32f4xx_it.o(.text.UsageFault_Handler) for UsageFault_Handler
    startup_stm32f405xx.o(RESET) refers to stm32f4xx_it.o(.text.SVC_Handler) for SVC_Handler
    startup_stm32f405xx.o(RESET) refers to stm32f4xx_it.o(.text.DebugMon_Handler) for DebugMon_Handler
    startup_stm32f405xx.o(RESET) refers to stm32f4xx_it.o(.text.PendSV_Handler) for PendSV_Handler
    startup_stm32f405xx.o(RESET) refers to stm32f4xx_it.o(.text.SysTick_Handler) for SysTick_Handler
    startup_stm32f405xx.o(RESET) refers to stm32f4xx_it.o(.text.CAN1_RX0_IRQHandler) for CAN1_RX0_IRQHandler
    startup_stm32f405xx.o(RESET) refers to stm32f4xx_it.o(.text.SDIO_IRQHandler) for SDIO_IRQHandler
    startup_stm32f405xx.o(RESET) refers to stm32f4xx_it.o(.text.DMA2_Stream1_IRQHandler) for DMA2_Stream1_IRQHandler
    startup_stm32f405xx.o(RESET) refers to stm32f4xx_it.o(.text.DMA2_Stream3_IRQHandler) for DMA2_Stream3_IRQHandler
    startup_stm32f405xx.o(RESET) refers to stm32f4xx_it.o(.text.CAN2_RX0_IRQHandler) for CAN2_RX0_IRQHandler
    startup_stm32f405xx.o(.text) refers (Special) to heapauxi.o(.text) for __use_two_region_memory
    startup_stm32f405xx.o(.text) refers to system_stm32f4xx.o(.text.SystemInit) for SystemInit
    startup_stm32f405xx.o(.text) refers to __main.o(!!!main) for __main
    startup_stm32f405xx.o(.text) refers to startup_stm32f405xx.o(HEAP) for Heap_Mem
    startup_stm32f405xx.o(.text) refers to startup_stm32f405xx.o(STACK) for Stack_Mem
    main.o(.text.main) refers to stm32f4xx_hal.o(.text.HAL_Init) for HAL_Init
    main.o(.text.main) refers to main.o(.text.SystemClock_Config) for SystemClock_Config
    main.o(.text.main) refers to gpio.o(.text.MX_GPIO_Init) for MX_GPIO_Init
    main.o(.text.main) refers to dma.o(.text.MX_DMA_Init) for MX_DMA_Init
    main.o(.text.main) refers to can.o(.text.MX_CAN1_Init) for MX_CAN1_Init
    main.o(.text.main) refers to can.o(.text.MX_CAN2_Init) for MX_CAN2_Init
    main.o(.text.main) refers to tim.o(.text.MX_TIM1_Init) for MX_TIM1_Init
    main.o(.text.main) refers to usart.o(.text.MX_USART1_UART_Init) for MX_USART1_UART_Init
    main.o(.text.main) refers to tim.o(.text.MX_TIM2_Init) for MX_TIM2_Init
    main.o(.text.main) refers to sdio.o(.text.MX_SDIO_SD_Init) for MX_SDIO_SD_Init
    main.o(.text.main) refers to fatfs.o(.text.MX_FATFS_Init) for MX_FATFS_Init
    main.o(.text.main) refers to spi.o(.text.MX_SPI1_Init) for MX_SPI1_Init
    main.o(.text.main) refers to bsp_ws2812b.o(.text.ws2812_init) for ws2812_init
    main.o(.text.main) refers to bsp_ws2812b.o(.text.ws2812_green) for ws2812_green
    main.o(.text.main) refers to bsp_lcd.o(.text.LCD_init) for LCD_init
    main.o(.text.main) refers to app_sdio.o(.text.FATFS_Load) for FATFS_Load
    main.o(.text.main) refers to bsp_ws2812b.o(.text.ws2812_red) for ws2812_red
    main.o(.text.main) refers to variable.o(.bss.SDWrongFlag) for SDWrongFlag
    main.o(.text.main) refers to app_ui.o(.bss.loop_flag) for loop_flag
    main.o(.text.main) refers to bsp_lcd.o(.text.lcd_clear) for lcd_clear
    main.o(.text.main) refers to bsp_lcd.o(.text.LCD_ShowString) for LCD_ShowString
    main.o(.text.main) refers to app_ui.o(.bss.recode_mode_flag) for recode_mode_flag
    main.o(.text.main) refers to app_sdio.o(.text.Fatfs_init) for Fatfs_init
    main.o(.text.main) refers to app_sdio.o(.text.FATFS_CarWrite) for FATFS_CarWrite
    main.o(.text.main) refers to bsp_key.o(.text.key_scan) for key_scan
    main.o(.text.main) refers to app_sdio.o(.text.FATFS_Carclosefile) for FATFS_Carclosefile
    main.o(.text.main) refers to bsp_ws2812b.o(.text.ws2812_blue) for ws2812_blue
    main.o(.text.main) refers to variable.o(.bss.Display_mode) for Display_mode
    main.o(.text.main) refers to app_ui.o(.bss.start_up_flag) for start_up_flag
    main.o(.text.main) refers to app_ui.o(.text.start_up) for start_up
[...]
    _ftell_internal                          0x08000e83   Thumb Code    66  ftell.o(.text)
    ftell                                    0x08000e83   Thumb Code     0  ftell.o(.text)
    __default_signal_display                 0x08000ec5   Thumb Code    50  defsig_general.o(.text)
    __rt_SIGRTMEM                            0x08000ef7   Thumb Code    14  defsig_rtmem_outer.o(.text)
    _ttywrch                                 0x08000f05   Thumb Code    14  sys_wrch.o(.text)
    __I$use$semihosting                      0x08000f13   Thumb Code     0  use_no_semi.o(.text)
    __use_no_semihosting_swi                 0x08000f13   Thumb Code     2  use_no_semi.o(.text)
    __aeabi_errno_addr                       0x08000f15   Thumb Code     8  rt_errno_addr_intlibspace.o(.text)
    __errno$intlibspace                      0x08000f15   Thumb Code     0  rt_errno_addr_intlibspace.o(.text)
    __rt_errno_addr$intlibspace              0x08000f15   Thumb Code     0  rt_errno_addr_intlibspace.o(.text)
    __semihosting_library_function           0x08000f15   Thumb Code     0  indicate_semi.o(.text)
    __rt_SIGRTMEM_inner                      0x08000f1d   Thumb Code    22  defsig_rtmem_inner.o(.text)
    BSP_PlatformIsDetected                   0x08000f6d   Thumb Code    20  fatfs_platform.o(.text.BSP_PlatformIsDetected)
    BSP_SD_AbortCallback                     0x08000f81   Thumb Code     2  bsp_driver_sd.o(.text.BSP_SD_AbortCallback)
    BSP_SD_GetCardInfo                       0x08000f85   Thumb Code    14  bsp_driver_sd.o(.text.BSP_SD_GetCardInfo)
    BSP_SD_GetCardState                      0x08000f95   Thumb Code    22  bsp_driver_sd.o(.text.BSP_SD_GetCardState)
    BSP_SD_Init                              0x08000fad   Thumb Code    30  bsp_driver_sd.o(.text.BSP_SD_Init)
    BSP_SD_IsDetected                        0x08000fcd   Thumb Code    32  bsp_driver_sd.o(.text.BSP_SD_IsDetected)
    BSP_SD_ReadBlocks                        0x08000fed   Thumb Code    38  bsp_driver_sd.o(.text.BSP_SD_ReadBlocks)
    BSP_SD_ReadCpltCallback                  0x08001015   Thumb Code     2  bsp_driver_sd.o(.text.BSP_SD_ReadCpltCallback)
    BSP_SD_WriteBlocks                       0x08001019   Thumb Code    38  bsp_driver_sd.o(.text.BSP_SD_WriteBlocks)
    BSP_SD_WriteCpltCallback                 0x08001041   Thumb Code     2  bsp_driver_sd.o(.text.BSP_SD_WriteCpltCallback)
    BusFault_Handler                         0x08001045   Thumb Code     2  stm32f4xx_it.o(.text.BusFault_Handler)
    CAN1_RX0_IRQHandler                      0x08001049   Thumb Code    12  stm32f4xx_it.o(.text.CAN1_RX0_IRQHandler)
    CAN2_RX0_IRQHandler                      0x08001055   Thumb Code    12  stm32f4xx_it.o(.text.CAN2_RX0_IRQHandler)
    DMA2_Stream1_IRQHandler                  0x08001061   Thumb Code    12  stm32f4xx_it.o(.text.DMA2_Stream1_IRQHandler)
    DMA2_Stream3_IRQHandler                  0x0800106d   Thumb Code    12  stm32f4xx_it.o(.text.DMA2_Stream3_IRQHandler)
    DebugMon_Handler                         0x08001079   Thumb Code     2  stm32f4xx_it.o(.text.DebugMon_Handler)
    DecodeSdData                             0x0800107d   Thumb Code  2012  app_fatdata.o(.text.DecodeSdData)
    Error_Handler                            0x08001859   Thumb Code    10  main.o(.text.Error_Handler)
    FATFS_CarOpen                            0x08001865   Thumb Code   304  app_sdio.o(.text.FATFS_CarOpen)
    FATFS_CarWrite                           0x080019b1   Thumb Code   188  app_sdio.o(.text.FATFS_CarWrite)
    FATFS_Carclosefile                       0x08001aed   Thumb Code    34  app_sdio.o(.text.FATFS_Carclosefile)
    FATFS_LinkDriver                         0x08001b11   Thumb Code    76  ff_gen_drv.o(.text.FATFS_LinkDriver)
    FATFS_Load                               0x08001b5d   Thumb Code   188  app_sdio.o(.text.FATFS_Load)
    FATFS_ReadPara                           0x08001c95   Thumb Code   364  app_sdio.o(.text.FATFS_ReadPara)
    Fatfs_init                               0x08001e79   Thumb Code    66  app_sdio.o(.text.Fatfs_init)
    HAL_CAN_ErrorCallback                    0x08001ebd   Thumb Code     2  stm32f4xx_hal_can.o(.text.HAL_CAN_ErrorCallback)
    HAL_CAN_GetRxMessage                     0x08001ec1   Thumb Code   286  stm32f4xx_hal_can.o(.text.HAL_CAN_GetRxMessage)
    HAL_CAN_IRQHandler                       0x08001fe1   Thumb Code   606  stm32f4xx_hal_can.o(.text.HAL_CAN_IRQHandler)
    HAL_CAN_Init                             0x08002241   Thumb Code   244  stm32f4xx_hal_can.o(.text.HAL_CAN_Init)
    HAL_CAN_MspInit                          0x08002335   Thumb Code   276  can.o(.text.HAL_CAN_MspInit)
    HAL_CAN_RxFifo0FullCallback              0x08002449   Thumb Code     2  stm32f4xx_hal_can.o(.text.HAL_CAN_RxFifo0FullCallback)
    HAL_CAN_RxFifo0MsgPendingCallback        0x0800244d   Thumb Code   120  bsp_can.o(.text.HAL_CAN_RxFifo0MsgPendingCallback)
    HAL_CAN_RxFifo1FullCallback              0x080024c5   Thumb Code     2  stm32f4xx_hal_can.o(.text.HAL_CAN_RxFifo1FullCallback)
    HAL_CAN_RxFifo1MsgPendingCallback        0x080024c9   Thumb Code     2  stm32f4xx_hal_can.o(.text.HAL_CAN_RxFifo1MsgPendingCallback)
    HAL_CAN_SleepCallback                    0x080024cd   Thumb Code     2  stm32f4xx_hal_can.o(.text.HAL_CAN_SleepCallback)
    HAL_CAN_TxMailbox0AbortCallback          0x080024d1   Thumb Code     2  stm32f4xx_hal_can.o(.text.HAL_CAN_TxMailbox0AbortCallback)
    HAL_CAN_TxMailbox0CompleteCallback       0x080024d5   Thumb Code     2  stm32f4xx_hal_can.o(.text.HAL_CAN_TxMailbox0CompleteCallback)
    HAL_CAN_TxMailbox1AbortCallback          0x080024d9   Thumb Code     2  stm32f4xx_hal_can.o(.text.HAL_CAN_TxMailbox1AbortCallback)
    HAL_CAN_TxMailbox1CompleteCallback       0x080024dd   Thumb Code     2  stm32f4xx_hal_can.o(.text.HAL_CAN_TxMailbox1CompleteCallback)
    HAL_CAN_TxMailbox2AbortCallback          0x080024e1   Thumb Code     2  stm32f4xx_hal_can.o(.text.HAL_CAN_TxMailbox2AbortCallback)
    HAL_CAN_TxMailbox2CompleteCallback       0x080024e5   Thumb Code     2  stm32f4xx_hal_can.o(.text.HAL_CAN_TxMailbox2CompleteCallback)
    HAL_CAN_WakeUpFromRxMsgCallback          0x080024e9   Thumb Code     2  stm32f4xx_hal_can.o(.text.HAL_CAN_WakeUpFromRxMsgCallback)
    HAL_DMA_Abort_IT                         0x080024ed   Thumb Code    36  stm32f4xx_hal_dma.o(.text.HAL_DMA_Abort_IT)
    HAL_DMA_IRQHandler                       0x08002511   Thumb Code   448  stm32f4xx_hal_dma.o(.text.HAL_DMA_IRQHandler)
    HAL_DMA_Init                             0x080026d1   Thumb Code   354  stm32f4xx_hal_dma.o(.text.HAL_DMA_Init)
    HAL_DMA_Start_IT                         0x08002835   Thumb Code   158  stm32f4xx_hal_dma.o(.text.HAL_DMA_Start_IT)
    HAL_Delay                                0x080028d5   Thumb Code    40  stm32f4xx_hal.o(.text.HAL_Delay)
    HAL_GPIO_Init                            0x080028fd   Thumb Code   422  stm32f4xx_hal_gpio.o(.text.HAL_GPIO_Init)
    HAL_GPIO_ReadPin                         0x08002aa5   Thumb Code    10  stm32f4xx_hal_gpio.o(.text.HAL_GPIO_ReadPin)
    HAL_GPIO_WritePin                        0x08002ab1   Thumb Code    10  stm32f4xx_hal_gpio.o(.text.HAL_GPIO_WritePin)
    HAL_GetTick                              0x08002abd   Thumb Code    12  stm32f4xx_hal.o(.text.HAL_GetTick)
    HAL_IncTick                              0x08002ac9   Thumb Code    26  stm32f4xx_hal.o(.text.HAL_IncTick)
    HAL_Init                                 0x08002ae5   Thumb Code    54  stm32f4xx_hal.o(.text.HAL_Init)
    HAL_InitTick                             0x08002b1d   Thumb Code    72  stm32f4xx_hal.o(.text.HAL_InitTick)
    HAL_MspInit                              0x08002b65   Thumb Code    56  stm32f4xx_hal_msp.o(.text.HAL_MspInit)
    HAL_NVIC_EnableIRQ                       0x08002b9d   Thumb Code    38  stm32f4xx_hal_cortex.o(.text.HAL_NVIC_EnableIRQ)
    HAL_NVIC_SetPriority                     0x08002bc5   Thumb Code    86  stm32f4xx_hal_cortex.o(.text.HAL_NVIC_SetPriority)
    HAL_NVIC_SetPriorityGrouping             0x08002c1d   Thumb Code    32  stm32f4xx_hal_cortex.o(.text.HAL_NVIC_SetPriorityGrouping)
    HAL_RCC_ClockConfig                      0x08002c3d   Thumb Code   352  stm32f4xx_hal_rcc.o(.text.HAL_RCC_ClockConfig)
    HAL_RCC_GetPCLK1Freq                     0x08002d9d   Thumb Code    38  stm32f4xx_hal_rcc.o(.text.HAL_RCC_GetPCLK1Freq)
    HAL_RCC_GetPCLK2Freq                     0x08002dc5   Thumb Code    38  stm32f4xx_hal_rcc.o(.text.HAL_RCC_GetPCLK2Freq)
    HAL_RCC_GetSysClockFreq                  0x08002ded   Thumb Code   108  stm32f4xx_hal_rcc.o(.text.HAL_RCC_GetSysClockFreq)
    HAL_RCC_OscConfig                        0x08002e59   Thumb Code   884  stm32f4xx_hal_rcc.o(.text.HAL_RCC_OscConfig)
    HAL_SD_AbortCallback                     0x080031cd   Thumb Code     4  bsp_driver_sd.o(.text.HAL_SD_AbortCallback)
    HAL_SD_ErrorCallback                     0x080031d1   Thumb Code     2  stm32f4xx_hal_sd.o(.text.HAL_SD_ErrorCallback)
    HAL_SD_GetCardCSD                        0x080031d5   Thumb Code   390  stm32f4xx_hal_sd.o(.text.HAL_SD_GetCardCSD)
    HAL_SD_GetCardInfo                       0x0800335d   Thumb Code    36  stm32f4xx_hal_sd.o(.text.HAL_SD_GetCardInfo)
    HAL_SD_GetCardState                      0x08003381   Thumb Code    42  stm32f4xx_hal_sd.o(.text.HAL_SD_GetCardState)
    HAL_SD_IRQHandler                        0x080033ad   Thumb Code   672  stm32f4xx_hal_sd.o(.text.HAL_SD_IRQHandler)
    HAL_SD_Init                              0x0800364d   Thumb Code    64  stm32f4xx_hal_sd.o(.text.HAL_SD_Init)
    HAL_SD_InitCard                          0x0800368d   Thumb Code   540  stm32f4xx_hal_sd.o(.text.HAL_SD_InitCard)
    HAL_SD_MspInit                           0x080038a9   Thumb Code   180  sdio.o(.text.HAL_SD_MspInit)
    HAL_SD_ReadBlocks                        0x0800395d   Thumb Code   564  stm32f4xx_hal_sd.o(.text.HAL_SD_ReadBlocks)
    HAL_SD_RxCpltCallback                    0x08003b91   Thumb Code     4  bsp_driver_sd.o(.text.HAL_SD_RxCpltCallback)
    HAL_SD_TxCpltCallback                    0x08003b95   Thumb Code     4  bsp_driver_sd.o(.text.HAL_SD_TxCpltCallback)
    HAL_SD_WriteBlocks                       0x08003b99   Thumb Code   562  stm32f4xx_hal_sd.o(.text.HAL_SD_WriteBlocks)
    HAL_SPI_ErrorCallback                    0x08003dcd   Thumb Code     2  stm32f4xx_hal_spi.o(.text.HAL_SPI_ErrorCallback)
    HAL_SPI_Init                             0x08003dd1   Thumb Code   180  stm32f4xx_hal_spi.o(.text.HAL_SPI_Init)
    HAL_SPI_MspInit                          0x08003e85   Thumb Code   166  spi.o(.text.HAL_SPI_MspInit)
    HAL_SPI_Transmit_DMA                     0x08003f2d   Thumb Code   234  stm32f4xx_hal_spi.o(.text.HAL_SPI_Transmit_DMA)
    HAL_SPI_TxCpltCallback                   0x08004019   Thumb Code     2  stm32f4xx_hal_spi.o(.text.HAL_SPI_TxCpltCallback)
    HAL_SPI_TxHalfCpltCallback               0x0800401d   Thumb Code     2  stm32f4xx_hal_spi.o(.text.HAL_SPI_TxHalfCpltCallback)
    HAL_SYSTICK_Config                       0x08004021   Thumb Code    44  stm32f4xx_hal_cortex.o(.text.HAL_SYSTICK_Config)
    HAL_TIMEx_ConfigBreakDeadTime            0x0800404d   Thumb Code    76  stm32f4xx_hal_tim_ex.o(.text.HAL_TIMEx_ConfigBreakDeadTime)
    HAL_TIMEx_MasterConfigSynchronization    0x08004099   Thumb Code   182  stm32f4xx_hal_tim_ex.o(.text.HAL_TIMEx_MasterConfigSynchronization)
    HAL_TIM_Base_Init                        0x08004151   Thumb Code    90  stm32f4xx_hal_tim.o(.text.HAL_TIM_Base_Init)
    HAL_TIM_Base_MspInit                     0x080041ad   Thumb Code   166  tim.o(.text.HAL_TIM_Base_MspInit)
    HAL_TIM_ConfigClockSource                0x08004255   Thumb Code   412  stm32f4xx_hal_tim.o(.text.HAL_TIM_ConfigClockSource)
    HAL_TIM_ErrorCallback                    0x080043f1   Thumb Code     2  stm32f4xx_hal_tim.o(.text.HAL_TIM_ErrorCallback)
    HAL_TIM_PWM_ConfigChannel                0x080043f5   Thumb Code   546  stm32f4xx_hal_tim.o(.text.HAL_TIM_PWM_ConfigChannel)
    HAL_TIM_PWM_Init                         0x08004619   Thumb Code    90  stm32f4xx_hal_tim.o(.text.HAL_TIM_PWM_Init)
    HAL_TIM_PWM_MspInit                      0x08004675   Thumb Code     2  stm32f4xx_hal_tim.o(.text.HAL_TIM_PWM_MspInit)
    HAL_TIM_PWM_PulseFinishedCallback        0x08004679   Thumb Code    20  bsp_ws2812b.o(.text.HAL_TIM_PWM_PulseFinishedCallback)
    HAL_TIM_PWM_PulseFinishedHalfCpltCallback 0x0800468d   Thumb Code     2  stm32f4xx_hal_tim.o(.text.HAL_TIM_PWM_PulseFinishedHalfCpltCallback)
    HAL_TIM_PWM_Start_DMA                    0x08004691   Thumb Code   638  stm32f4xx_hal_tim.o(.text.HAL_TIM_PWM_Start_DMA)
    HAL_TIM_PWM_Stop_DMA                     0x08004911   Thumb Code   248  stm32f4xx_hal_tim.o(.text.HAL_TIM_PWM_Stop_DMA)
    HAL_UART_Init                            0x08004a09   Thumb Code    94  stm32f4xx_hal_uart.o(.text.HAL_UART_Init)
    HAL_UART_MspInit                         0x08004a69   Thumb Code   164  usart.o(.text.HAL_UART_MspInit)
    HAL_UART_Transmit                        0x08004b0d   Thumb Code   646  stm32f4xx_hal_uart.o(.text.HAL_UART_Transmit)
    HardFault_Handler                        0x08004d95   Thumb Code     2  stm32f4xx_it.o(.text.HardFault_Handler)
    LCD_Address_Set                          0x08004d99   Thumb Code   292  bsp_lcd.o(.text.LCD_Address_Set)
    LCD_ShowChar                             0x08004ebd   Thumb Code  1736  bsp_lcd.o(.text.LCD_ShowChar)
    LCD_ShowString                           0x08005585   Thumb Code    70  bsp_lcd.o(.text.LCD_ShowString)
    LCD_init                                 0x080055cd   Thumb Code  3556  bsp_lcd.o(.text.LCD_init)
    MX_CAN1_Init                             0x080063b1   Thumb Code    64  can.o(.text.MX_CAN1_Init)
    MX_CAN2_Init                             0x080063f1   Thumb Code    64  can.o(.text.MX_CAN2_Init)
    MX_DMA_Init                              0x08006431   Thumb Code    72  dma.o(.text.MX_DMA_Init)
    MX_FATFS_Init                            0x08006479   Thumb Code    64  fatfs.o(.text.MX_FATFS_Init)
    MX_GPIO_Init                             0x080064b9   Thumb Code   242  gpio.o(.text.MX_GPIO_Init)
    MX_SDIO_SD_Init                          0x080065ad   Thumb Code    36  sdio.o(.text.MX_SDIO_SD_Init)
    MX_SPI1_Init                             0x080065d1   Thumb Code    76  spi.o(.text.MX_SPI1_Init)
    MX_TIM1_Init                             0x0800661d   Thumb Code   322  tim.o(.text.MX_TIM1_Init)
    MX_TIM2_Init                             0x08006761   Thumb Code   112  tim.o(.text.MX_TIM2_Init)
    MX_USART1_UART_Init                      0x080067d1   Thumb Code    60  usart.o(.text.MX_USART1_UART_Init)
    MemManage_Handler                        0x0800680d   Thumb Code     2  stm32f4xx_it.o(.text.MemManage_Handler)
    NMI_Handler                              0x08006811   Thumb Code     2  stm32f4xx_it.o(.text.NMI_Handler)
    PendSV_Handler                           0x08006815   Thumb Code     2  stm32f4xx_it.o(.text.PendSV_Handler)
    SDIO_ConfigData                          0x08006819   Thumb Code    38  stm32f4xx_ll_sdmmc.o(.text.SDIO_ConfigData)
    SDIO_GetPowerState                       0x08006841   Thumb Code     8  stm32f4xx_ll_sdmmc.o(.text.SDIO_GetPowerState)
    SDIO_GetResponse                         0x08006849   Thumb Code     6  stm32f4xx_ll_sdmmc.o(.text.SDIO_GetResponse)
    SDIO_IRQHandler                          0x08006851   Thumb Code    12  stm32f4xx_it.o(.text.SDIO_IRQHandler)
    SDIO_Init                                0x0800685d   Thumb Code    44  stm32f4xx_ll_sdmmc.o(.text.SDIO_Init)
    SDIO_PowerState_ON                       0x08006889   Thumb Code    10  stm32f4xx_ll_sdmmc.o(.text.SDIO_PowerState_ON)
    SDIO_ReadFIFO                            0x08006895   Thumb Code     6  stm32f4xx_ll_sdmmc.o(.text.SDIO_ReadFIFO)
    SDIO_WriteFIFO                           0x0800689d   Thumb Code    12  stm32f4xx_ll_sdmmc.o(.text.SDIO_WriteFIFO)
    SDMMC_CmdAppCommand                      0x080068a9   Thumb Code    24  stm32f4xx_ll_sdmmc.o(.text.SDMMC_CmdAppCommand)
    SDMMC_CmdAppOperCommand                  0x080068c1   Thumb Code   144  stm32f4xx_ll_sdmmc.o(.text.SDMMC_CmdAppOperCommand)
    SDMMC_CmdBlockLength                     0x08006951   Thumb Code    24  stm32f4xx_ll_sdmmc.o(.text.SDMMC_CmdBlockLength)
    SDMMC_CmdGoIdleState                     0x08006969   Thumb Code    96  stm32f4xx_ll_sdmmc.o(.text.SDMMC_CmdGoIdleState)
    SDMMC_CmdOperCond                        0x080069c9   Thumb Code   166  stm32f4xx_ll_sdmmc.o(.text.SDMMC_CmdOperCond)
    SDMMC_CmdReadMultiBlock                  0x08006a71   Thumb Code    24  stm32f4xx_ll_sdmmc.o(.text.SDMMC_CmdReadMultiBlock)
    SDMMC_CmdReadSingleBlock                 0x08006a89   Thumb Code    24  stm32f4xx_ll_sdmmc.o(.text.SDMMC_CmdReadSingleBlock)
    SDMMC_CmdSelDesel                        0x08006aa1   Thumb Code    24  stm32f4xx_ll_sdmmc.o(.text.SDMMC_CmdSelDesel)
    SDMMC_CmdSendCID                         0x08006ab9   Thumb Code   156  stm32f4xx_ll_sdmmc.o(.text.SDMMC_CmdSendCID)
    SDMMC_CmdSendCSD                         0x08006b55   Thumb Code   156  stm32f4xx_ll_sdmmc.o(.text.SDMMC_CmdSendCSD)
    SDMMC_CmdSendStatus                      0x08006bf1   Thumb Code    24  stm32f4xx_ll_sdmmc.o(.text.SDMMC_CmdSendStatus)
    SDMMC_CmdSetRelAdd                       0x08006c09   Thumb Code   204  stm32f4xx_ll_sdmmc.o(.text.SDMMC_CmdSetRelAdd)
    SDMMC_CmdStopTransfer                    0x08006cd5   Thumb Code    30  stm32f4xx_ll_sdmmc.o(.text.SDMMC_CmdStopTransfer)
    SDMMC_CmdWriteMultiBlock                 0x08006cf5   Thumb Code    24  stm32f4xx_ll_sdmmc.o(.text.SDMMC_CmdWriteMultiBlock)
    SDMMC_CmdWriteSingleBlock                0x08006d0d   Thumb Code    24  stm32f4xx_ll_sdmmc.o(.text.SDMMC_CmdWriteSingleBlock)
    SDMMC_GetCmdResp1                        0x08006d25   Thumb Code   358  stm32f4xx_ll_sdmmc.o(.text.SDMMC_GetCmdResp1)
    SD_initialize                            0x08006f65   Thumb Code    48  sd_diskio.o(.text.SD_initialize)
    SD_ioctl                                 0x08006f95   Thumb Code    86  sd_diskio.o(.text.SD_ioctl)
    SD_read                                  0x08006fed   Thumb Code    36  sd_diskio.o(.text.SD_read)
    SD_status                                0x08007011   Thumb Code    36  sd_diskio.o(.text.SD_status)
    SD_write                                 0x08007035   Thumb Code    36  sd_diskio.o(.text.SD_write)
    SVC_Handler                              0x08007259   Thumb Code     2  stm32f4xx_it.o(.text.SVC_Handler)
    SysTick_Handler                          0x0800725d   Thumb Code     4  stm32f4xx_it.o(.text.SysTick_Handler)
    SystemClock_Config                       0x08007261   Thumb Code   176  main.o(.text.SystemClock_Config)
    SystemInit                               0x08007311   Thumb Code    18  system_stm32f4xx.o(.text.SystemInit)
    TIM_Base_SetConfig                       0x08007325   Thumb Code   316  stm32f4xx_hal_tim.o(.text.TIM_Base_SetConfig)
    TIM_DMADelayPulseHalfCplt                0x080074cd   Thumb Code    56  stm32f4xx_hal_tim.o(.text.TIM_DMADelayPulseHalfCplt)
    TIM_DMAError                             0x08007505   Thumb Code    94  stm32f4xx_hal_tim.o(.text.TIM_DMAError)
    USER_initialize                          0x08007655   Thumb Code    16  user_diskio.o(.text.USER_initialize)
    USER_ioctl                               0x08007665   Thumb Code     4  user_diskio.o(.text.USER_ioctl)
    USER_read                                0x08007669   Thumb Code     4  user_diskio.o(.text.USER_read)
    USER_status                              0x0800766d   Thumb Code    16  user_diskio.o(.text.USER_status)
    USER_write                               0x0800767d   Thumb Code     4  user_diskio.o(.text.USER_write)
    UsageFault_Handler                       0x08007681   Thumb Code     2  stm32f4xx_it.o(.text.UsageFault_Handler)
    _sys_close                               0x08007685   Thumb Code    20  retarget_io.o(.text._sys_close)
    _sys_flen                                0x08007699   Thumb Code     4  retarget_io.o(.text._sys_flen)
    _sys_istty                               0x0800769d   Thumb Code    16  retarget_io.o(.text._sys_istty)
    _sys_open                                0x080076ad   Thumb Code    98  retarget_io.o(.text._sys_open)
    _sys_seek                                0x08007711   Thumb Code     6  retarget_io.o(.text._sys_seek)
    _sys_write                               0x08007719   Thumb Code   466  retarget_io.o(.text._sys_write)
    decode                                   0x080079c1   Thumb Code   380  app_can.o(.text.decode)
    decode_power                             0x08007b41   Thumb Code   832  app_can.o(.text.decode_power)
    disk_initialize                          0x0800850d   Thumb Code    14  diskio.o(.text.disk_initialize)
    disk_ioctl                               0x0800851d   Thumb Code    56  diskio.o(.text.disk_ioctl)
    disk_read                                0x08008555   Thumb Code    50  diskio.o(.text.disk_read)
    disk_status                              0x08008589   Thumb Code     4  diskio.o(.text.disk_status)
    disk_write                               0x0800858d   Thumb Code    50  diskio.o(.text.disk_write)
    f_close                                  0x080085c1   Thumb Code   134  ff.o(.text.f_close)
    f_mkfs                                   0x08008649   Thumb Code  1716  ff.o(.text.f_mkfs)
    f_mount                                  0x08008d31   Thumb Code   168  ff.o(.text.f_mount)
    f_open                                   0x08008dd9   Thumb Code  1000  ff.o(.text.f_open)
    f_read                                   0x080091c1   Thumb Code   526  ff.o(.text.f_read)
    f_sync                                   0x080093d1   Thumb Code   200  ff.o(.text.f_sync)
    f_write                                  0x08009499   Thumb Code   570  ff.o(.text.f_write)
    ff_convert                               0x080096d5   Thumb Code    74  ccsbcs.o(.text.ff_convert)
    ff_wtoupper                              0x08009721   Thumb Code   192  ccsbcs.o(.text.ff_wtoupper)
    float2string                             0x08009b69   Thumb Code   396  app_fatdata.o(.text.float2string)
    fputc                                    0x0800a011   Thumb Code    38  usart.o(.text.fputc)
    get_fattime                              0x0800a105   Thumb Code     4  fatfs.o(.text.get_fattime)
    key_scan                                 0x0800a109   Thumb Code   184  bsp_key.o(.text.key_scan)
    lcd_clear                                0x0800a1c1   Thumb Code    86  bsp_lcd.o(.text.lcd_clear)
    main                                     0x0800a219   Thumb Code   436  main.o(.text.main)
    recorde_mode                             0x0800a5ad   Thumb Code    56  app_ui.o(.text.recorde_mode)
    sd_init                                  0x0800a5e5   Thumb Code    46  bsp_sdio.o(.text.sd_init)
    sd_read_disk                             0x0800a615   Thumb Code    90  bsp_sdio.o(.text.sd_read_disk)
    sd_write_disk                            0x0800a671   Thumb Code    92  bsp_sdio.o(.text.sd_write_disk)
    start_up                                 0x0800a6cd   Thumb Code   288  app_ui.o(.text.start_up)
    ws2812_blue                              0x0800a91d   Thumb Code  1280  bsp_ws2812b.o(.text.ws2812_blue)
    ws2812_green                             0x0800ae1d   Thumb Code  1280  bsp_ws2812b.o(.text.ws2812_green)
    ws2812_init                              0x0800b31d   Thumb Code   820  bsp_ws2812b.o(.text.ws2812_init)
    ws2812_red                               0x0800b651   Thumb Code  1280  bsp_ws2812b.o(.text.ws2812_red)
    __aeabi_d2f                              0x0800bb51   Thumb Code     0  d2f.o(x$fpl$d2f)
    _d2f                                     0x0800bb51   Thumb Code    98  d2f.o(x$fpl$d2f)
    __aeabi_dadd                             0x0800bbb5   Thumb Code     0  daddsub_clz.o(x$fpl$dadd)
    _dadd                                    0x0800bbb5   Thumb Code   332  daddsub_clz.o(x$fpl$dadd)
    __aeabi_i2d                              0x0800bd05   Thumb Code     0  dflt_clz.o(x$fpl$dflt)
    _dflt                                    0x0800bd05   Thumb Code    46  dflt_clz.o(x$fpl$dflt)
    __aeabi_dmul                             0x0800bd35   Thumb Code     0  dmul.o(x$fpl$dmul)
    _dmul                                    0x0800bd35   Thumb Code   332  dmul.o(x$fpl$dmul)
    __fpl_dnaninf                            0x0800be89   Thumb Code   156  dnaninf.o(x$fpl$dnaninf)
    __fpl_dretinf                            0x0800bf25   Thumb Code    12  dretinf.o(x$fpl$dretinf)
    __aeabi_dsub                             0x0800bf31   Thumb Code     0  daddsub_clz.o(x$fpl$dsub)
    _dsub                                    0x0800bf31   Thumb Code   472  daddsub_clz.o(x$fpl$dsub)
    _fp_init                                 0x0800c10d   Thumb Code    26  fpinit.o(x$fpl$fpinit)
    __fplib_config_fpu_vfp                   0x0800c125   Thumb Code     0  fpinit.o(x$fpl$fpinit)
    __fplib_config_pureend_doubles           0x0800c125   Thumb Code     0  fpinit.o(x$fpl$fpinit)
    __fpl_fretinf                            0x0800c127   Thumb Code    10  fretinf.o(x$fpl$fretinf)
    AHBPrescTable                            0x0800c130   Data          16  system_stm32f4xx.o(.rodata.AHBPrescTable)
    __I$use$fp                               0x0800c130   Number         0  usenofp.o(x$fpl$usenofp)
    APBPrescTable                            0x0800c140   Data           8  system_stm32f4xx.o(.rodata.APBPrescTable)
    SD_Driver                                0x0800c1d8   Data          20  sd_diskio.o(.rodata.SD_Driver)
    __stderr_name                            0x0800c2ec   Data           8  retarget_io.o(.rodata.__stderr_name)
    __stdin_name                             0x0800c2f4   Data           7  retarget_io.o(.rodata.__stdin_name)
    __stdout_name                            0x0800c2fb   Data           8  retarget_io.o(.rodata.__stdout_name)
    ascii_1206                               0x0800c303   Data        1140  bsp_lcd.o(.rodata.ascii_1206)
    ascii_1608                               0x0800c777   Data        1520  bsp_lcd.o(.rodata.ascii_1608)
    ascii_2412                               0x0800cd67   Data        4560  bsp_lcd.o(.rodata.ascii_2412)
    ascii_3216                               0x0800df37   Data        6080  bsp_lcd.o(.rodata.ascii_3216)
    Region$$Table$$Base                      0x0800fb6c   Number         0  anon$$obj.o(Region$$Table)
    Region$$Table$$Limit                     0x0800fb8c   Number         0  anon$$obj.o(Region$$Table)
    __aeabi_stdin                            0x20000000   Data           4  stdio_streams.o(.data)
    __aeabi_stdout                           0x20000004   Data           4  stdio_streams.o(.data)
    __aeabi_stderr                           0x20000008   Data           4  stdio_streams.o(.data)
    uwTickFreq                               0x2000000c   Data           1  stm32f4xx_hal.o(.data..L_MergedGlobals)
    uwTickPrio                               0x20000010   Data           4  stm32f4xx_hal.o(.data..L_MergedGlobals)
    CarDataHead1                             0x20000014   Data         159  app_sdio.o(.data.CarDataHead1)
    CarDataHead2                             0x200000b3   Data         119  app_sdio.o(.data.CarDataHead2)
    SystemCoreClock                          0x2000012c   Data           4  system_stm32f4xx.o(.data.SystemCoreClock)
    TitleHead                                0x20000130   Data          20  app_sdio.o(.data.TitleHead)
    USER_Driver                              0x20000144   Data          20  user_diskio.o(.data.USER_Driver)
    __stdin                                  0x20000158   Data          84  stdio_streams.o(.bss)
    __stdout                                 0x200001ac   Data          84  stdio_streams.o(.bss)
    __stderr                                 0x20000200   Data          84  stdio_streams.o(.bss)
    __libspace_start                         0x20000254   Data          96  libspace.o(.bss)
    __temporary_stack_top$libspace           0x200002b4   Data           0  libspace.o(.bss)
    CarDataBuffer                            0x200002ec   Data        1024  variable.o(.bss.CarDataBuffer)
    Display_mode                             0x200006ec   Data           1  variable.o(.bss.Display_mode)
    FileName                                 0x200006f8   Data           4  variable.o(.bss.FileName)
    MessageCount                             0x20000724   Data           2  variable.o(.bss.MessageCount)
    ReadBuffer                               0x200007f6   Data         100  variable.o(.bss.ReadBuffer)
    SDPath                                   0x2000085a   Data           4  fatfs.o(.bss.SDPath)
    SDSendStateflg                           0x2000085e   Data           1  variable.o(.bss.SDSendStateflg)
    SDWrongFlag                              0x2000085f   Data           1  variable.o(.bss.SDWrongFlag)
    USERPath                                 0x20000860   Data           4  fatfs.o(.bss.USERPath)
    buffer                                   0x20000864   Data          10  variable.o(.bss.buffer)
    disk                                     0x20000870   Data          16  ff_gen_drv.o(.bss.disk)
    f_res                                    0x20000880   Data           1  variable.o(.bss.f_res)
    file                                     0x20000884   Data         560  variable.o(.bss.file)
    fnum                                     0x20000ab4   Data           4  variable.o(.bss.fnum)
    fs                                       0x20000ab8   Data         564  variable.o(.bss.fs)
    g_sd_card_info_handle                    0x20000cec   Data          32  bsp_sdio.o(.bss.g_sd_card_info_handle)
    hcan1                                    0x20000d0c   Data          40  can.o(.bss.hcan1)
    hcan2                                    0x20000d34   Data          40  can.o(.bss.hcan2)
    hdma_spi1_tx                             0x20000d5c   Data          96  spi.o(.bss.hdma_spi1_tx)
    hdma_tim1_ch1                            0x20000dbc   Data          96  tim.o(.bss.hdma_tim1_ch1)
    hsd                                      0x20000e1c   Data         132  sdio.o(.bss.hsd)
    hspi1                                    0x20000ea0   Data          88  spi.o(.bss.hspi1)
    htim1                                    0x20000ef8   Data          72  tim.o(.bss.htim1)
    htim2                                    0x20000f40   Data          72  tim.o(.bss.htim2)
    huart1                                   0x20000f88   Data          68  usart.o(.bss.huart1)
    loop_flag                                0x20000fcd   Data           1  app_ui.o(.bss.loop_flag)
    racingCarData                            0x20000fd0   Data         120  variable.o(.bss.racingCarData)
    recode_mode_flag                         0x20001048   Data           1  app_ui.o(.bss.recode_mode_flag)
    retSD                                    0x20001049   Data           1  fatfs.o(.bss.retSD)
    retUSER                                  0x2000104a   Data           1  fatfs.o(.bss.retUSER)
    sd_data_send_mes                         0x2000104b   Data           1  variable.o(.bss.sd_data_send_mes)
    start_up_flag                            0x2000104c   Data           1  app_ui.o(.bss.start_up_flag)
    uwTick                                   0x20001050   Data           4  stm32f4xx_hal.o(.bss.uwTick)



==============================================================================

Memory Map of the image

  Image Entry point : 0x08000189

  Load Region LR_IROM1 (Base: 0x08000000, Size: 0x0000fce8, Max: 0x00100000, ABSOLUTE, COMPRESSED[0x0000fc70])

    Execution Region ER_IROM1 (Exec base: 0x08000000, Load base: 0x08000000, Size: 0x0000fb8c, Max: 0x00100000, ABSOLUTE)

    Exec Addr    Load Addr    Size         Type   Attr      Idx    E Section Name        Object

    0x08000000   0x08000000   0x00000188   Data   RO            3    RESET               startup_stm32f405xx.o
    0x08000188   0x08000188   0x00000008   Code   RO         1918  * !!!main             c_w.l(__main.o)
    0x08000190   0x08000190   0x00000034   Code   RO         2277    !!!scatter          c_w.l(__scatter.o)
    0x080001c4   0x080001c4   0x0000005a   Code   RO         2275    !!dczerorl2         c_w.l(__dczerorl2.o)
    0x0800021e   0x0800021e   0x00000002   PAD
    0x08000220   0x08000220   0x0000001c   Code   RO         2279    !!handler_zi        c_w.l(__scatter_zi.o)
    0x0800023c   0x0800023c   0x00000000   Code   RO         1907    .ARM.Collect$$_printf_percent$$00000000  c_w.l(_printf_percent.o)
    0x0800023c   0x0800023c   0x00000006   Code   RO         1906    .ARM.Collect$$_printf_percent$$00000009  c_w.l(_printf_d.o)
    0x08000242   0x08000242   0x00000006   Code   RO         1905    .ARM.Collect$$_printf_percent$$00000014  c_w.l(_printf_s.o)
    0x08000248   0x08000248   0x00000004   Code   RO         1947    .ARM.Collect$$_printf_percent$$00000017  c_w.l(_printf_percent_end.o)
    0x0800024c   0x0800024c   0x00000002   Code   RO         2080    .ARM.Collect$$libinit$$00000000  c_w.l(libinit.o)
    0x0800024e   0x0800024e   0x00000004   Code   RO         2081    .ARM.Collect$$libinit$$00000001  c_w.l(libinit2.o)
    0x08000252   0x08000252   0x00000000   Code   RO         2084    .ARM.Collect$$libinit$$00000004  c_w.l(libinit2.o)
    0x08000252   0x08000252   0x00000000   Code   RO         2086    .ARM.Collect$$libinit$$00000006  c_w.l(libinit2.o)
    0x08000252   0x08000252   0x00000008   Code   RO         2087    .ARM.Collect$$libinit$$00000007  c_w.l(libinit2.o)
    0x0800025a   0x0800025a   0x00000000   Code   RO         2089    .ARM.Collect$$libinit$$0000000C  c_w.l(libinit2.o)
    0x0800025a   0x0800025a   0x00000000   Code   RO         2091    .ARM.Collect$$libinit$$0000000E  c_w.l(libinit2.o)
    0x0800025a   0x0800025a   0x00000000   Code   RO         2093    .ARM.Collect$$libinit$$00000010  c_w.l(libinit2.o)
    0x0800025a   0x0800025a   0x00000000   Code   RO         2096    .ARM.Collect$$libinit$$00000013  c_w.l(libinit2.o)
    0x0800025a   0x0800025a   0x00000000   Code   RO         2098    .ARM.Collect$$libinit$$00000015  c_w.l(libinit2.o)
    0x0800025a   0x0800025a   0x00000000   Code   RO         2100    .ARM.Collect$$libinit$$00000017  c_w.l(libinit2.o)
    0x0800025a   0x0800025a   0x00000000   Code   RO         2102    .ARM.Collect$$libinit$$00000019  c_w.l(libinit2.o)
    0x0800025a   0x0800025a   0x00000000   Code   RO         2104    .ARM.Collect$$libinit$$0000001B  c_w.l(libinit2.o)
    0x0800025a   0x0800025a   0x00000000   Code   RO         2106    .ARM.Collect$$libinit$$0000001D  c_w.l(libinit2.o)
    0x0800025a   0x0800025a   0x00000000   Code   RO         2108    .ARM.Collect$$libinit$$0000001F  c_w.l(libinit2.o)
    0x0800025a   0x0800025a   0x00000000   Code   RO         2110    .ARM.Collect$$libinit$$00000021  c_w.l(libinit2.o)
    0x0800025a   0x0800025a   0x00000000   Code   RO         2112    .ARM.Collect$$libinit$$00000023  c_w.l(libinit2.o)
    0x0800025a   0x0800025a   0x00000000   Code   RO         2114    .ARM.Collect$$libinit$$00000025  c_w.l(libinit2.o)
    0x0800025a   0x0800025a   0x00000004   Code   RO         2115    .ARM.Collect$$libinit$$00000026  c_w.l(libinit2.o)
    0x0800025e   0x0800025e   0x00000000   Code   RO         2116    .ARM.Collect$$libinit$$00000027  c_w.l(libinit2.o)
    0x0800025e   0x0800025e   0x00000000   Code   RO         2120    .ARM.Collect$$libinit$$0000002E  c_w.l(libinit2.o)
    0x0800025e   0x0800025e   0x00000000   Code   RO         2122    .ARM.Collect$$libinit$$00000030  c_w.l(libinit2.o)
    0x0800025e   0x0800025e   0x00000000   Code   RO         2124    .ARM.Collect$$libinit$$00000032  c_w.l(libinit2.o)
    0x0800025e   0x0800025e   0x00000000   Code   RO         2126    .ARM.Collect$$libinit$$00000034  c_w.l(libinit2.o)
    0x0800025e   0x0800025e   0x00000002   Code   RO         2127    .ARM.Collect$$libinit$$00000035  c_w.l(libinit2.o)
    0x08000260   0x08000260   0x00000002   Code   RO         2256    .ARM.Collect$$libshutdown$$00000000  c_w.l(libshutdown.o)
    0x08000262   0x08000262   0x00000000   Code   RO         2129    .ARM.Collect$$libshutdown$$00000002  c_w.l(libshutdown2.o)
    0x08000262   0x08000262   0x00000004   Code   RO         2130    .ARM.Collect$$libshutdown$$00000003  c_w.l(libshutdown2.o)
    0x08000266   0x08000266   0x00000000   Code   RO         2131    .ARM.Collect$$libshutdown$$00000004  c_w.l(libshutdown2.o)
    0x08000266   0x08000266   0x00000000   Code   RO         2134    .ARM.Collect$$libshutdown$$00000007  c_w.l(libshutdown2.o)
    0x08000266   0x08000266   0x00000000   Code   RO         2137    .ARM.Collect$$libshutdown$$0000000A  c_w.l(libshutdown2.o)
    0x08000266   0x08000266   0x00000000   Code   RO         2139    .ARM.Collect$$libshutdown$$0000000C  c_w.l(libshutdown2.o)
    0x08000266   0x08000266   0x00000000   Code   RO         2142    .ARM.Collect$$libshutdown$$0000000F  c_w.l(libshutdown2.o)
    0x08000266   0x08000266   0x00000002   Code   RO         2143    .ARM.Collect$$libshutdown$$00000010  c_w.l(libshutdown2.o)
    0x08000268   0x08000268   0x00000000   Code   RO         1936    .ARM.Collect$$rtentry$$00000000  c_w.l(__rtentry.o)
    0x08000268   0x08000268   0x00000000   Code   RO         1966    .ARM.Collect$$rtentry$$00000002  c_w.l(__rtentry2.o)
    0x08000268   0x08000268   0x00000006   Code   RO         1978    .ARM.Collect$$rtentry$$00000004  c_w.l(__rtentry4.o)
    0x0800026e   0x0800026e   0x00000000   Code   RO         1968    .ARM.Collect$$rtentry$$00000009  c_w.l(__rtentry2.o)
    0x0800026e   0x0800026e   0x00000004   Code   RO         1969    .ARM.Collect$$rtentry$$0000000A  c_w.l(__rtentry2.o)
    0x08000272   0x08000272   0x00000000   Code   RO         1971    .ARM.Collect$$rtentry$$0000000C  c_w.l(__rtentry2.o)
    0x08000272   0x08000272   0x00000008   Code   RO         1972    .ARM.Collect$$rtentry$$0000000D  c_w.l(__rtentry2.o)
    0x0800027a   0x0800027a   0x00000002   Code   RO         2147    .ARM.Collect$$rtexit$$00000000  c_w.l(rtexit.o)
    0x0800027c   0x0800027c   0x00000000   Code   RO         2195    .ARM.Collect$$rtexit$$00000002  c_w.l(rtexit2.o)
    0x0800027c   0x0800027c   0x00000004   Code   RO         2196    .ARM.Collect$$rtexit$$00000003  c_w.l(rtexit2.o)
    0x08000280   0x08000280   0x00000006   Code   RO         2197    .ARM.Collect$$rtexit$$00000004  c_w.l(rtexit2.o)
    0x08000286   0x08000286   0x00000002   PAD
    0x08000288   0x08000288   0x00000040   Code   RO            4    .text               startup_stm32f405xx.o
    0x080002c8   0x080002c8   0x000000f0   Code   RO         1873    .text               c_w.l(lludivv7m.o)
    0x080003b8   0x080003b8   0x00000018   Code   RO         1877    .text               c_w.l(noretval__2printf.o)
    0x080003d0   0x080003d0   0x00000068   Code   RO         1879    .text               c_w.l(__printf.o)
    0x08000438   0x08000438   0x00000052   Code   RO         1881    .text               c_w.l(_printf_str.o)
    0x0800048a   0x0800048a   0x00000002   PAD
    0x0800048c   0x0800048c   0x00000078   Code   RO         1883    .text               c_w.l(_printf_dec.o)
    0x08000504   0x08000504   0x0000002c   Code   RO         1908    .text               c_w.l(puts.o)
    0x08000530   0x08000530   0x00000044   Code   RO         1912    .text               c_w.l(rt_memclr.o)
    0x08000574   0x08000574   0x00000004   PAD
    0x08000578   0x08000578   0x0000007c   Code   RO         1914    .text               c_w.l(strcmpv7em.o)
    0x080005f4   0x080005f4   0x00000006   Code   RO         1916    .text               c_w.l(heapauxi.o)
    0x080005fa   0x080005fa   0x000000b2   Code   RO         1941    .text               c_w.l(_printf_intcommon.o)
    0x080006ac   0x080006ac   0x0000002c   Code   RO         1943    .text               c_w.l(_printf_char.o)
    0x080006d8   0x080006d8   0x00000024   Code   RO         1945    .text               c_w.l(_printf_char_file.o)
    0x080006fc   0x080006fc   0x0000004e   Code   RO         1956    .text               c_w.l(rt_memclr_w.o)
    0x0800074a   0x0800074a   0x00000002   PAD
    0x0800074c   0x0800074c   0x00000030   Code   RO         1982    .text               c_w.l(_printf_char_common.o)
    0x0800077c   0x0800077c   0x00000008   Code   RO         1984    .text               c_w.l(ferror.o)
    0x08000784   0x08000784   0x00000138   Code   RO         1986    .text               c_w.l(initio.o)
    0x080008bc   0x080008bc   0x0000004a   Code   RO         1994    .text               c_w.l(sys_stackheap_outer.o)
    0x08000906   0x08000906   0x0000004e   Code   RO         1998    .text               c_w.l(h1_free.o)
    0x08000954   0x08000954   0x00000046   Code   RO         2054    .text               c_w.l(setvbuf.o)
    0x0800099a   0x0800099a   0x00000002   PAD
    0x0800099c   0x0800099c   0x000000f0   Code   RO         2057    .text               c_w.l(fopen.o)
    0x08000a8c   0x08000a8c   0x0000004c   Code   RO         2059    .text               c_w.l(fclose.o)
    0x08000ad8   0x08000ad8   0x00000012   Code   RO         2065    .text               c_w.l(exit.o)
    0x08000aea   0x08000aea   0x0000000e   Code   RO         2071    .text               c_w.l(defsig_rtred_outer.o)
    0x08000af8   0x08000af8   0x00000008   Code   RO         2144    .text               c_w.l(libspace.o)
    0x08000b00   0x08000b00   0x00000008   Code   RO         2154    .text               c_w.l(rt_heap_descriptor_intlibspace.o)
    0x08000b08   0x08000b08   0x00000004   Code   RO         2156    .text               c_w.l(hguard.o)
    0x08000b0c   0x08000b0c   0x0000008a   Code   RO         2158    .text               c_w.l(init_alloc.o)
    0x08000b96   0x08000b96   0x0000005e   Code   RO         2164    .text               c_w.l(h1_alloc.o)
    0x08000bf4   0x08000bf4   0x000000f8   Code   RO         2176    .text               c_w.l(fseek.o)
    0x08000cec   0x08000cec   0x00000108   Code   RO         2178    .text               c_w.l(stdio.o)
    0x08000df4   0x08000df4   0x0000000a   Code   RO         2180    .text               c_w.l(defsig_exit.o)
    0x08000dfe   0x08000dfe   0x00000002   PAD
    0x08000e00   0x08000e00   0x00000034   Code   RO         2184    .text               c_w.l(defsig_rtred_inner.o)
    0x08000e34   0x08000e34   0x0000000c   Code   RO         2190    .text               c_w.l(sys_exit.o)
    0x08000e40   0x08000e40   0x00000000   Code   RO         2201    .text               c_w.l(maybetermalloc1.o)
    0x08000e40   0x08000e40   0x0000000e   Code   RO         2203    .text               c_w.l(h1_init.o)
    0x08000e4e   0x08000e4e   0x00000034   Code   RO         2205    .text               c_w.l(h1_extend.o)
    0x08000e82   0x08000e82   0x00000042   Code   RO         2211    .text               c_w.l(ftell.o)
    0x08000ec4   0x08000ec4   0x00000032   Code   RO         2215    .text               c_w.l(defsig_general.o)
    0x08000ef6   0x08000ef6   0x0000000e   Code   RO         2217    .text               c_w.l(defsig_rtmem_outer.o)
    0x08000f04   0x08000f04   0x0000000e   Code   RO         2230    .text               c_w.l(sys_wrch.o)
    0x08000f12   0x08000f12   0x00000002   Code   RO         2238    .text               c_w.l(use_no_semi.o)
    0x08000f14   0x08000f14   0x00000000   Code   RO         2240    .text               c_w.l(indicate_semi.o)
    0x08000f14   0x08000f14   0x00000008   Code   RO         2244    .text               c_w.l(rt_errno_addr_intlibspace.o)
    0x08000f1c   0x08000f1c   0x00000050   Code   RO         2250    .text               c_w.l(defsig_rtmem_inner.o)
    0x08000f6c   0x08000f6c   0x00000014   Code   RO         1651    .text.BSP_PlatformIsDetected  fatfs_platform.o
    0x08000f80   0x08000f80   0x00000002   Code   RO         1613    .text.BSP_SD_AbortCallback  bsp_driver_sd.o
    0x08000f82   0x08000f82   0x00000002   PAD
    0x08000f84   0x08000f84   0x0000000e   Code   RO         1609    .text.BSP_SD_GetCardInfo  bsp_driver_sd.o
    0x08000f92   0x08000f92   0x00000002   PAD
    0x08000f94   0x08000f94   0x00000016   Code   RO         1607    .text.BSP_SD_GetCardState  bsp_driver_sd.o
    0x08000faa   0x08000faa   0x00000002   PAD
    0x08000fac   0x08000fac   0x0000001e   Code   RO         1589    .text.BSP_SD_Init   bsp_driver_sd.o
    0x08000fca   0x08000fca   0x00000002   PAD
    0x08000fcc   0x08000fcc   0x00000020   Code   RO         1591    .text.BSP_SD_IsDetected  bsp_driver_sd.o
    0x08000fec   0x08000fec   0x00000026   Code   RO         1597    .text.BSP_SD_ReadBlocks  bsp_driver_sd.o
    0x08001012   0x08001012   0x00000002   PAD
    0x08001014   0x08001014   0x00000002   Code   RO         1621    .text.BSP_SD_ReadCpltCallback  bsp_driver_sd.o
    0x08001016   0x08001016   0x00000002   PAD
    0x08001018   0x08001018   0x00000026   Code   RO         1599    .text.BSP_SD_WriteBlocks  bsp_driver_sd.o
    0x0800103e   0x0800103e   0x00000002   PAD
    0x08001040   0x08001040   0x00000002   Code   RO         1617    .text.BSP_SD_WriteCpltCallback  bsp_driver_sd.o
    0x08001042   0x08001042   0x00000002   PAD
    0x08001044   0x08001044   0x00000002   Code   RO          158    .text.BusFault_Handler  stm32f4xx_it.o
    0x08001046   0x08001046   0x00000002   PAD
    0x08001048   0x08001048   0x0000000c   Code   RO          170    .text.CAN1_RX0_IRQHandler  stm32f4xx_it.o
    0x08001054   0x08001054   0x0000000c   Code   RO          178    .text.CAN2_RX0_IRQHandler  stm32f4xx_it.o
    0x08001060   0x08001060   0x0000000c   Code   RO          174    .text.DMA2_Stream1_IRQHandler  stm32f4xx_it.o
    0x0800106c   0x0800106c   0x0000000c   Code   RO          176    .text.DMA2_Stream3_IRQHandler  stm32f4xx_it.o
    0x08001078   0x08001078   0x00000002   Code   RO          164    .text.DebugMon_Handler  stm32f4xx_it.o
    0x0800107a   0x0800107a   0x00000002   PAD
    0x0800107c   0x0800107c   0x000007dc   Code   RO         1562    .text.DecodeSdData  app_fatdata.o
    0x08001858   0x08001858   0x0000000a   Code   RO           35    .text.Error_Handler  main.o
    0x08001862   0x08001862   0x00000002   PAD
    0x08001864   0x08001864   0x0000014c   Code   RO         1530    .text.FATFS_CarOpen  app_sdio.o
    0x080019b0   0x080019b0   0x0000013c   Code   RO         1536    .text.FATFS_CarWrite  app_sdio.o
    0x08001aec   0x08001aec   0x00000022   Code   RO         1534    .text.FATFS_Carclosefile  app_sdio.o
    0x08001b0e   0x08001b0e   0x00000002   PAD
    0x08001b10   0x08001b10   0x0000004c   Code   RO         1810    .text.FATFS_LinkDriver  ff_gen_drv.o
    0x08001b5c   0x08001b5c   0x00000138   Code   RO         1538    .text.FATFS_Load    app_sdio.o
    0x08001c94   0x08001c94   0x000001e4   Code   RO         1528    .text.FATFS_ReadPara  app_sdio.o
    0x08001e78   0x08001e78   0x00000042   Code   RO         1526    .text.Fatfs_init    app_sdio.o
    0x08001eba   0x08001eba   0x00000002   PAD
    0x08001ebc   0x08001ebc   0x00000002   Code   RO          259    .text.HAL_CAN_ErrorCallback  stm32f4xx_hal_can.o
    0x08001ebe   0x08001ebe   0x00000002   PAD
    0x08001ec0   0x08001ec0   0x0000011e   Code   RO          225    .text.HAL_CAN_GetRxMessage  stm32f4xx_hal_can.o
    0x08001fde   0x08001fde   0x00000002   PAD
    0x08001fe0   0x08001fe0   0x0000025e   Code   RO          233    .text.HAL_CAN_IRQHandler  stm32f4xx_hal_can.o
    0x0800223e   0x0800223e   0x00000002   PAD
    0x08002240   0x08002240   0x000000f4   Code   RO          195    .text.HAL_CAN_Init  stm32f4xx_hal_can.o
    0x08002334   0x08002334   0x00000114   Code   RO           59    .text.HAL_CAN_MspInit  can.o
    0x08002448   0x08002448   0x00000002   Code   RO          247    .text.HAL_CAN_RxFifo0FullCallback  stm32f4xx_hal_can.o
    0x0800244a   0x0800244a   0x00000002   PAD
    0x0800244c   0x0800244c   0x00000078   Code   RO         1467    .text.HAL_CAN_RxFifo0MsgPendingCallback  bsp_can.o
    0x080024c4   0x080024c4   0x00000002   Code   RO          251    .text.HAL_CAN_RxFifo1FullCallback  stm32f4xx_hal_can.o
    0x080024c6   0x080024c6   0x00000002   PAD
    0x080024c8   0x080024c8   0x00000002   Code   RO          253    .text.HAL_CAN_RxFifo1MsgPendingCallback  stm32f4xx_hal_can.o
    0x080024ca   0x080024ca   0x00000002   PAD
    0x080024cc   0x080024cc   0x00000002   Code   RO          255    .text.HAL_CAN_SleepCallback  stm32f4xx_hal_can.o
    0x080024ce   0x080024ce   0x00000002   PAD
    0x080024d0   0x080024d0   0x00000002   Code   RO          237    .text.HAL_CAN_TxMailbox0AbortCallback  stm32f4xx_hal_can.o
    0x080024d2   0x080024d2   0x00000002   PAD
    0x080024d4   0x080024d4   0x00000002   Code   RO          235    .text.HAL_CAN_TxMailbox0CompleteCallback  stm32f4xx_hal_can.o
    0x080024d6   0x080024d6   0x00000002   PAD
    0x080024d8   0x080024d8   0x00000002   Code   RO          241    .text.HAL_CAN_TxMailbox1AbortCallback  stm32f4xx_hal_can.o
    0x080024da   0x080024da   0x00000002   PAD
    0x080024dc   0x080024dc   0x00000002   Code   RO          239    .text.HAL_CAN_TxMailbox1CompleteCallback  stm32f4xx_hal_can.o
    0x080024de   0x080024de   0x00000002   PAD
    0x080024e0   0x080024e0   0x00000002   Code   RO          245    .text.HAL_CAN_TxMailbox2AbortCallback  stm32f4xx_hal_can.o
    0x080024e2   0x080024e2   0x00000002   PAD
    0x080024e4   0x080024e4   0x00000002   Code   RO          243    .text.HAL_CAN_TxMailbox2CompleteCallback  stm32f4xx_hal_can.o
    0x080024e6   0x080024e6   0x00000002   PAD
    0x080024e8   0x080024e8   0x00000002   Code   RO          257    .text.HAL_CAN_WakeUpFromRxMsgCallback  stm32f4xx_hal_can.o
    0x080024ea   0x080024ea   0x00000002   PAD
    0x080024ec   0x080024ec   0x00000024   Code   RO          433    .text.HAL_DMA_Abort_IT  stm32f4xx_hal_dma.o
    0x08002510   0x08002510   0x000001c0   Code   RO          437    .text.HAL_DMA_IRQHandler  stm32f4xx_hal_dma.o
    0x080026d0   0x080026d0   0x00000162   Code   RO          423    .text.HAL_DMA_Init  stm32f4xx_hal_dma.o
    0x08002832   0x08002832   0x00000002   PAD
    0x08002834   0x08002834   0x0000009e   Code   RO          429    .text.HAL_DMA_Start_IT  stm32f4xx_hal_dma.o
    0x080028d2   0x080028d2   0x00000002   PAD
    0x080028d4   0x080028d4   0x00000028   Code   RO          584    .text.HAL_Delay     stm32f4xx_hal.o
    0x080028fc   0x080028fc   0x000001a6   Code   RO          385    .text.HAL_GPIO_Init  stm32f4xx_hal_gpio.o
    0x08002aa2   0x08002aa2   0x00000002   PAD
    0x08002aa4   0x08002aa4   0x0000000a   Code   RO          389    .text.HAL_GPIO_ReadPin  stm32f4xx_hal_gpio.o
    0x08002aae   0x08002aae   0x00000002   PAD
    0x08002ab0   0x08002ab0   0x0000000a   Code   RO          391    .text.HAL_GPIO_WritePin  stm32f4xx_hal_gpio.o
    0x08002aba   0x08002aba   0x00000002   PAD
    0x08002abc   0x08002abc   0x0000000c   Code   RO          576    .text.HAL_GetTick   stm32f4xx_hal.o
    0x08002ac8   0x08002ac8   0x0000001a   Code   RO          574    .text.HAL_IncTick   stm32f4xx_hal.o
    0x08002ae2   0x08002ae2   0x00000002   PAD
    0x08002ae4   0x08002ae4   0x00000036   Code   RO          564    .text.HAL_Init      stm32f4xx_hal.o
    0x08002b1a   0x08002b1a   0x00000002   PAD
    0x08002b1c   0x08002b1c   0x00000048   Code   RO          566    .text.HAL_InitTick  stm32f4xx_hal.o
    0x08002b64   0x08002b64   0x00000038   Code   RO          187    .text.HAL_MspInit   stm32f4xx_hal_msp.o
    0x08002b9c   0x08002b9c   0x00000026   Code   RO          522    .text.HAL_NVIC_EnableIRQ  stm32f4xx_hal_cortex.o
    0x08002bc2   0x08002bc2   0x00000002   PAD
    0x08002bc4   0x08002bc4   0x00000056   Code   RO          520    .text.HAL_NVIC_SetPriority  stm32f4xx_hal_cortex.o
    0x08002c1a   0x08002c1a   0x00000002   PAD
    0x08002c1c   0x08002c1c   0x00000020   Code   RO          518    .text.HAL_NVIC_SetPriorityGrouping  stm32f4xx_hal_cortex.o
    0x08002c3c   0x08002c3c   0x00000160   Code   RO          279    .text.HAL_RCC_ClockConfig  stm32f4xx_hal_rcc.o
    0x08002d9c   0x08002d9c   0x00000026   Code   RO          291    .text.HAL_RCC_GetPCLK1Freq  stm32f4xx_hal_rcc.o
    0x08002dc2   0x08002dc2   0x00000002   PAD
    0x08002dc4   0x08002dc4   0x00000026   Code   RO          293    .text.HAL_RCC_GetPCLK2Freq  stm32f4xx_hal_rcc.o
    0x08002dea   0x08002dea   0x00000002   PAD
    0x08002dec   0x08002dec   0x0000006c   Code   RO          281    .text.HAL_RCC_GetSysClockFreq  stm32f4xx_hal_rcc.o
    0x08002e58   0x08002e58   0x00000374   Code   RO          277    .text.HAL_RCC_OscConfig  stm32f4xx_hal_rcc.o
    0x080031cc   0x080031cc   0x00000004   Code   RO         1611    .text.HAL_SD_AbortCallback  bsp_driver_sd.o
    0x080031d0   0x080031d0   0x00000002   Code   RO          784    .text.HAL_SD_ErrorCallback  stm32f4xx_hal_sd.o
    0x080031d2   0x080031d2   0x00000002   PAD
    0x080031d4   0x080031d4   0x00000186   Code   RO          802    .text.HAL_SD_GetCardCSD  stm32f4xx_hal_sd.o
    0x0800335a   0x0800335a   0x00000002   PAD
    0x0800335c   0x0800335c   0x00000024   Code   RO          806    .text.HAL_SD_GetCardInfo  stm32f4xx_hal_sd.o
    0x08003380   0x08003380   0x0000002a   Code   RO          810    .text.HAL_SD_GetCardState  stm32f4xx_hal_sd.o
    0x080033aa   0x080033aa   0x00000002   PAD
    0x080033ac   0x080033ac   0x000002a0   Code   RO          782    .text.HAL_SD_IRQHandler  stm32f4xx_hal_sd.o
    0x0800364c   0x0800364c   0x00000040   Code   RO          752    .text.HAL_SD_Init   stm32f4xx_hal_sd.o
    0x0800368c   0x0800368c   0x0000021c   Code   RO          756    .text.HAL_SD_InitCard  stm32f4xx_hal_sd.o
    0x080038a8   0x080038a8   0x000000b4   Code   RO           85    .text.HAL_SD_MspInit  sdio.o
    0x0800395c   0x0800395c   0x00000234   Code   RO          762    .text.HAL_SD_ReadBlocks  stm32f4xx_hal_sd.o
    0x08003b90   0x08003b90   0x00000004   Code   RO         1619    .text.HAL_SD_RxCpltCallback  bsp_driver_sd.o
    0x08003b94   0x08003b94   0x00000004   Code   RO         1615    .text.HAL_SD_TxCpltCallback  bsp_driver_sd.o
    0x08003b98   0x08003b98   0x00000232   Code   RO          764    .text.HAL_SD_WriteBlocks  stm32f4xx_hal_sd.o
    0x08003dca   0x08003dca   0x00000002   PAD
    0x08003dcc   0x08003dcc   0x00000002   Code   RO          906    .text.HAL_SPI_ErrorCallback  stm32f4xx_hal_spi.o
    0x08003dce   0x08003dce   0x00000002   PAD
    0x08003dd0   0x08003dd0   0x000000b4   Code   RO          826    .text.HAL_SPI_Init  stm32f4xx_hal_spi.o
    0x08003e84   0x08003e84   0x000000a6   Code   RO          100    .text.HAL_SPI_MspInit  spi.o
    0x08003f2a   0x08003f2a   0x00000002   PAD
    0x08003f2c   0x08003f2c   0x000000ea   Code   RO          862    .text.HAL_SPI_Transmit_DMA  stm32f4xx_hal_spi.o
    0x08004016   0x08004016   0x00000002   PAD
    0x08004018   0x08004018   0x00000002   Code   RO          908    .text.HAL_SPI_TxCpltCallback  stm32f4xx_hal_spi.o
    0x0800401a   0x0800401a   0x00000002   PAD
    0x0800401c   0x0800401c   0x00000002   Code   RO          914    .text.HAL_SPI_TxHalfCpltCallback  stm32f4xx_hal_spi.o
    0x0800401e   0x0800401e   0x00000002   PAD
    0x08004020   0x08004020   0x0000002c   Code   RO          530    .text.HAL_SYSTICK_Config  stm32f4xx_hal_cortex.o
    0x0800404c   0x0800404c   0x0000004c   Code   RO         1237    .text.HAL_TIMEx_ConfigBreakDeadTime  stm32f4xx_hal_tim_ex.o
    0x08004098   0x08004098   0x000000b6   Code   RO         1235    .text.HAL_TIMEx_MasterConfigSynchronization  stm32f4xx_hal_tim_ex.o
    0x0800414e   0x0800414e   0x00000002   PAD
    0x08004150   0x08004150   0x0000005a   Code   RO          940    .text.HAL_TIM_Base_Init  stm32f4xx_hal_tim.o
    0x080041aa   0x080041aa   0x00000002   PAD
    0x080041ac   0x080041ac   0x000000a6   Code   RO          120    .text.HAL_TIM_Base_MspInit  tim.o
    0x08004252   0x08004252   0x00000002   PAD
    0x08004254   0x08004254   0x0000019c   Code   RO         1120    .text.HAL_TIM_ConfigClockSource  stm32f4xx_hal_tim.o
    0x080043f0   0x080043f0   0x00000002   Code   RO         1140    .text.HAL_TIM_ErrorCallback  stm32f4xx_hal_tim.o
    0x080043f2   0x080043f2   0x00000002   PAD
    0x080043f4   0x080043f4   0x00000222   Code   RO         1094    .text.HAL_TIM_PWM_ConfigChannel  stm32f4xx_hal_tim.o
    0x08004616   0x08004616   0x00000002   PAD
    0x08004618   0x08004618   0x0000005a   Code   RO          994    .text.HAL_TIM_PWM_Init  stm32f4xx_hal_tim.o
    0x08004672   0x08004672   0x00000002   PAD
    0x08004674   0x08004674   0x00000002   Code   RO          996    .text.HAL_TIM_PWM_MspInit  stm32f4xx_hal_tim.o
    0x08004676   0x08004676   0x00000002   PAD
    0x08004678   0x08004678   0x00000014   Code   RO         1450    .text.HAL_TIM_PWM_PulseFinishedCallback  bsp_ws2812b.o
    0x0800468c   0x0800468c   0x00000002   Code   RO         1136    .text.HAL_TIM_PWM_PulseFinishedHalfCpltCallback  stm32f4xx_hal_tim.o
    0x0800468e   0x0800468e   0x00000002   PAD
    0x08004690   0x08004690   0x0000027e   Code   RO         1010    .text.HAL_TIM_PWM_Start_DMA  stm32f4xx_hal_tim.o
    0x0800490e   0x0800490e   0x00000002   PAD
    0x08004910   0x08004910   0x000000f8   Code   RO         1012    .text.HAL_TIM_PWM_Stop_DMA  stm32f4xx_hal_tim.o
    0x08004a08   0x08004a08   0x0000005e   Code   RO         1259    .text.HAL_UART_Init  stm32f4xx_hal_uart.o
    0x08004a66   0x08004a66   0x00000002   PAD
    0x08004a68   0x08004a68   0x000000a4   Code   RO          137    .text.HAL_UART_MspInit  usart.o
    0x08004b0c   0x08004b0c   0x00000286   Code   RO         1275    .text.HAL_UART_Transmit  stm32f4xx_hal_uart.o
    0x08004d92   0x08004d92   0x00000002   PAD
    0x08004d94   0x08004d94   0x00000002   Code   RO          154    .text.HardFault_Handler  stm32f4xx_it.o
    0x08004d96   0x08004d96   0x00000002   PAD
    0x08004d98   0x08004d98   0x00000124   Code   RO         1400    .text.LCD_Address_Set  bsp_lcd.o
    0x08004ebc   0x08004ebc   0x000006c8   Code   RO         1416    .text.LCD_ShowChar  bsp_lcd.o
    0x08005584   0x08005584   0x00000046   Code   RO         1418    .text.LCD_ShowString  bsp_lcd.o
    0x080055ca   0x080055ca   0x00000002   PAD
    0x080055cc   0x080055cc   0x00000de4   Code   RO         1402    .text.LCD_init      bsp_lcd.o
    0x080063b0   0x080063b0   0x00000040   Code   RO           55    .text.MX_CAN1_Init  can.o
    0x080063f0   0x080063f0   0x00000040   Code   RO           57    .text.MX_CAN2_Init  can.o
    0x08006430   0x08006430   0x00000048   Code   RO           74    .text.MX_DMA_Init   dma.o
    0x08006478   0x08006478   0x00000040   Code   RO         1678    .text.MX_FATFS_Init  fatfs.o
    0x080064b8   0x080064b8   0x000000f2   Code   RO           46    .text.MX_GPIO_Init  gpio.o
    0x080065aa   0x080065aa   0x00000002   PAD
    0x080065ac   0x080065ac   0x00000024   Code   RO           83    .text.MX_SDIO_SD_Init  sdio.o
    0x080065d0   0x080065d0   0x0000004c   Code   RO           98    .text.MX_SPI1_Init  spi.o
    0x0800661c   0x0800661c   0x00000142   Code   RO          114    .text.MX_TIM1_Init  tim.o
    0x0800675e   0x0800675e   0x00000002   PAD
    0x08006760   0x08006760   0x00000070   Code   RO          118    .text.MX_TIM2_Init  tim.o
    0x080067d0   0x080067d0   0x0000003c   Code   RO          135    .text.MX_USART1_UART_Init  usart.o
    0x0800680c   0x0800680c   0x00000002   Code   RO          156    .text.MemManage_Handler  stm32f4xx_it.o
    0x0800680e   0x0800680e   0x00000002   PAD
    0x08006810   0x08006810   0x00000002   Code   RO          152    .text.NMI_Handler   stm32f4xx_it.o
    0x08006812   0x08006812   0x00000002   PAD
    0x08006814   0x08006814   0x00000002   Code   RO          166    .text.PendSV_Handler  stm32f4xx_it.o
    0x08006816   0x08006816   0x00000002   PAD
    0x08006818   0x08006818   0x00000026   Code   RO          672    .text.SDIO_ConfigData  stm32f4xx_ll_sdmmc.o
    0x0800683e   0x0800683e   0x00000002   PAD
    0x08006840   0x08006840   0x00000008   Code   RO          664    .text.SDIO_GetPowerState  stm32f4xx_ll_sdmmc.o
    0x08006848   0x08006848   0x00000006   Code   RO          670    .text.SDIO_GetResponse  stm32f4xx_ll_sdmmc.o
    0x0800684e   0x0800684e   0x00000002   PAD
    0x08006850   0x08006850   0x0000000c   Code   RO          172    .text.SDIO_IRQHandler  stm32f4xx_it.o
    0x0800685c   0x0800685c   0x0000002c   Code   RO          654    .text.SDIO_Init     stm32f4xx_ll_sdmmc.o
    0x08006888   0x08006888   0x0000000a   Code   RO          660    .text.SDIO_PowerState_ON  stm32f4xx_ll_sdmmc.o
    0x08006892   0x08006892   0x00000002   PAD
    0x08006894   0x08006894   0x00000006   Code   RO          656    .text.SDIO_ReadFIFO  stm32f4xx_ll_sdmmc.o
    0x0800689a   0x0800689a   0x00000002   PAD
    0x0800689c   0x0800689c   0x0000000c   Code   RO          658    .text.SDIO_WriteFIFO  stm32f4xx_ll_sdmmc.o
    0x080068a8   0x080068a8   0x00000018   Code   RO          712    .text.SDMMC_CmdAppCommand  stm32f4xx_ll_sdmmc.o
    0x080068c0   0x080068c0   0x00000090   Code   RO          714    .text.SDMMC_CmdAppOperCommand  stm32f4xx_ll_sdmmc.o
    0x08006950   0x08006950   0x00000018   Code   RO          680    .text.SDMMC_CmdBlockLength  stm32f4xx_ll_sdmmc.o
    0x08006968   0x08006968   0x00000060   Code   RO          706    .text.SDMMC_CmdGoIdleState  stm32f4xx_ll_sdmmc.o
    0x080069c8   0x080069c8   0x000000a6   Code   RO          708    .text.SDMMC_CmdOperCond  stm32f4xx_ll_sdmmc.o
    0x08006a6e   0x08006a6e   0x00000002   PAD
    0x08006a70   0x08006a70   0x00000018   Code   RO          686    .text.SDMMC_CmdReadMultiBlock  stm32f4xx_ll_sdmmc.o
    0x08006a88   0x08006a88   0x00000018   Code   RO          684    .text.SDMMC_CmdReadSingleBlock  stm32f4xx_ll_sdmmc.o
    0x08006aa0   0x08006aa0   0x00000018   Code   RO          704    .text.SDMMC_CmdSelDesel  stm32f4xx_ll_sdmmc.o
    0x08006ab8   0x08006ab8   0x0000009c   Code   RO          722    .text.SDMMC_CmdSendCID  stm32f4xx_ll_sdmmc.o
    0x08006b54   0x08006b54   0x0000009c   Code   RO          726    .text.SDMMC_CmdSendCSD  stm32f4xx_ll_sdmmc.o
    0x08006bf0   0x08006bf0   0x00000018   Code   RO          734    .text.SDMMC_CmdSendStatus  stm32f4xx_ll_sdmmc.o
    0x08006c08   0x08006c08   0x000000cc   Code   RO          728    .text.SDMMC_CmdSetRelAdd  stm32f4xx_ll_sdmmc.o
    0x08006cd4   0x08006cd4   0x0000001e   Code   RO          702    .text.SDMMC_CmdStopTransfer  stm32f4xx_ll_sdmmc.o
    0x08006cf2   0x08006cf2   0x00000002   PAD
    0x08006cf4   0x08006cf4   0x00000018   Code   RO          690    .text.SDMMC_CmdWriteMultiBlock  stm32f4xx_ll_sdmmc.o
    0x08006d0c   0x08006d0c   0x00000018   Code   RO          688    .text.SDMMC_CmdWriteSingleBlock  stm32f4xx_ll_sdmmc.o
    0x08006d24   0x08006d24   0x00000166   Code   RO          682    .text.SDMMC_GetCmdResp1  stm32f4xx_ll_sdmmc.o
    0x08006e8a   0x08006e8a   0x00000002   PAD
    0x08006e8c   0x08006e8c   0x0000006a   Code   RO          792    .text.SD_DMARxAbort  stm32f4xx_hal_sd.o
    0x08006ef6   0x08006ef6   0x00000002   PAD
    0x08006ef8   0x08006ef8   0x0000006a   Code   RO          790    .text.SD_DMATxAbort  stm32f4xx_hal_sd.o
    0x08006f62   0x08006f62   0x00000002   PAD
    0x08006f64   0x08006f64   0x00000030   Code   RO         1631    .text.SD_initialize  sd_diskio.o
    0x08006f94   0x08006f94   0x00000056   Code   RO         1639    .text.SD_ioctl      sd_diskio.o
    0x08006fea   0x08006fea   0x00000002   PAD
    0x08006fec   0x08006fec   0x00000024   Code   RO         1635    .text.SD_read       sd_diskio.o
    0x08007010   0x08007010   0x00000024   Code   RO         1633    .text.SD_status     sd_diskio.o
    0x08007034   0x08007034   0x00000024   Code   RO         1637    .text.SD_write      sd_diskio.o
    0x08007058   0x08007058   0x0000001e   Code   RO          868    .text.SPI_DMAError  stm32f4xx_hal_spi.o
    0x08007076   0x08007076   0x00000002   PAD
    0x08007078   0x08007078   0x00000006   Code   RO          864    .text.SPI_DMAHalfTransmitCplt  stm32f4xx_hal_spi.o
    0x0800707e   0x0800707e   0x00000002   PAD
    0x08007080   0x08007080   0x000000f4   Code   RO          866    .text.SPI_DMATransmitCplt  stm32f4xx_hal_spi.o
    0x08007174   0x08007174   0x000000e4   Code   RO          930    .text.SPI_WaitFlagStateUntilTimeout  stm32f4xx_hal_spi.o
    0x08007258   0x08007258   0x00000002   Code   RO          162    .text.SVC_Handler   stm32f4xx_it.o
    0x0800725a   0x0800725a   0x00000002   PAD
    0x0800725c   0x0800725c   0x00000004   Code   RO          168    .text.SysTick_Handler  stm32f4xx_it.o
    0x08007260   0x08007260   0x000000b0   Code   RO           33    .text.SystemClock_Config  main.o
    0x08007310   0x08007310   0x00000012   Code   RO         1379    .text.SystemInit    system_stm32f4xx.o
    0x08007322   0x08007322   0x00000002   PAD
    0x08007324   0x08007324   0x0000013c   Code   RO          944    .text.TIM_Base_SetConfig  stm32f4xx_hal_tim.o
    0x08007460   0x08007460   0x0000006a   Code   RO          988    .text.TIM_DMADelayPulseCplt  stm32f4xx_hal_tim.o
    0x080074ca   0x080074ca   0x00000002   PAD
    0x080074cc   0x080074cc   0x00000038   Code   RO          990    .text.TIM_DMADelayPulseHalfCplt  stm32f4xx_hal_tim.o
    0x08007504   0x08007504   0x0000005e   Code   RO          964    .text.TIM_DMAError  stm32f4xx_hal_tim.o
    0x08007562   0x08007562   0x00000002   PAD
    0x08007564   0x08007564   0x000000ee   Code   RO         1263    .text.UART_SetConfig  stm32f4xx_hal_uart.o
    0x08007652   0x08007652   0x00000002   PAD
    0x08007654   0x08007654   0x00000010   Code   RO         1659    .text.USER_initialize  user_diskio.o
    0x08007664   0x08007664   0x00000004   Code   RO         1667    .text.USER_ioctl    user_diskio.o
    0x08007668   0x08007668   0x00000004   Code   RO         1663    .text.USER_read     user_diskio.o
    0x0800766c   0x0800766c   0x00000010   Code   RO         1661    .text.USER_status   user_diskio.o
    0x0800767c   0x0800767c   0x00000004   Code   RO         1665    .text.USER_write    user_diskio.o
    0x08007680   0x08007680   0x00000002   Code   RO          160    .text.UsageFault_Handler  stm32f4xx_it.o
    0x08007682   0x08007682   0x00000002   PAD
    0x08007684   0x08007684   0x00000014   Code   RO         1848    .text._sys_close    retarget_io.o
    0x08007698   0x08007698   0x00000004   Code   RO         1858    .text._sys_flen     retarget_io.o
    0x0800769c   0x0800769c   0x00000010   Code   RO         1854    .text._sys_istty    retarget_io.o
    0x080076ac   0x080076ac   0x00000062   Code   RO         1846    .text._sys_open     retarget_io.o
    0x0800770e   0x0800770e   0x00000002   PAD
    0x08007710   0x08007710   0x00000006   Code   RO         1856    .text._sys_seek     retarget_io.o
    0x08007716   0x08007716   0x00000002   PAD
    0x08007718   0x08007718   0x000001d2   Code   RO         1850    .text._sys_write    retarget_io.o
    0x080078ea   0x080078ea   0x00000002   PAD
    0x080078ec   0x080078ec   0x000000ce   Code   RO         1739    .text.create_chain  ff.o
    0x080079ba   0x080079ba   0x00000006   PAD
    0x080079c0   0x080079c0   0x0000017c   Code   RO         1514    .text.decode        app_can.o
    0x08007b3c   0x08007b3c   0x00000004   PAD
    0x08007b40   0x08007b40   0x00000340   Code   RO         1516    .text.decode_power  app_can.o
    0x08007e80   0x08007e80   0x000001ae   Code   RO         1789    .text.dir_find      ff.o
    0x0800802e   0x0800802e   0x00000002   PAD
    0x08008030   0x08008030   0x00000160   Code   RO         1761    .text.dir_next      ff.o
    0x08008190   0x08008190   0x000002dc   Code   RO         1725    .text.dir_register  ff.o
    0x0800846c   0x0800846c   0x000000a0   Code   RO         1751    .text.dir_sdi       ff.o
    0x0800850c   0x0800850c   0x0000000e   Code   RO         1699    .text.disk_initialize  diskio.o
    0x0800851a   0x0800851a   0x00000002   PAD
    0x0800851c   0x0800851c   0x00000038   Code   RO         1705    .text.disk_ioctl    diskio.o
    0x08008554   0x08008554   0x00000032   Code   RO         1701    .text.disk_read     diskio.o
    0x08008586   0x08008586   0x00000002   PAD
    0x08008588   0x08008588   0x00000004   Code   RO         1697    .text.disk_status   diskio.o
    0x0800858c   0x0800858c   0x00000032   Code   RO         1703    .text.disk_write    diskio.o
    0x080085be   0x080085be   0x00000002   PAD
    0x080085c0   0x080085c0   0x00000086   Code   RO         1745    .text.f_close       ff.o
    0x08008646   0x08008646   0x00000002   PAD
    0x08008648   0x08008648   0x000006e8   Code   RO         1777    .text.f_mkfs        ff.o
    0x08008d30   0x08008d30   0x000000a8   Code   RO         1717    .text.f_mount       ff.o
    0x08008dd8   0x08008dd8   0x000003e8   Code   RO         1721    .text.f_open        ff.o
    0x080091c0   0x080091c0   0x0000020e   Code   RO         1735    .text.f_read        ff.o
    0x080093ce   0x080093ce   0x00000002   PAD
    0x080093d0   0x080093d0   0x000000c8   Code   RO         1741    .text.f_sync        ff.o
    0x08009498   0x08009498   0x0000023a   Code   RO         1737    .text.f_write       ff.o
    0x080096d2   0x080096d2   0x00000002   PAD
    0x080096d4   0x080096d4   0x0000004a   Code   RO         1828    .text.ff_convert    ccsbcs.o
    0x0800971e   0x0800971e   0x00000002   PAD
    0x08009720   0x08009720   0x000000c0   Code   RO         1830    .text.ff_wtoupper   ccsbcs.o
    0x080097e0   0x080097e0   0x00000388   Code   RO         1719    .text.find_volume   ff.o
    0x08009b68   0x08009b68   0x0000018c   Code   RO         1558    .text.float2string  app_fatdata.o
    0x08009cf4   0x08009cf4   0x0000031c   Code   RO         1723    .text.follow_path   ff.o
    0x0800a010   0x0800a010   0x00000026   Code   RO          141    .text.fputc         usart.o
    0x0800a036   0x0800a036   0x00000002   PAD
    0x0800a038   0x0800a038   0x000000ca   Code   RO         1733    .text.get_fat       ff.o
    0x0800a102   0x0800a102   0x00000002   PAD
    0x0800a104   0x0800a104   0x00000004   Code   RO         1680    .text.get_fattime   fatfs.o
    0x0800a108   0x0800a108   0x000000b8   Code   RO         1479    .text.key_scan      bsp_key.o
    0x0800a1c0   0x0800a1c0   0x00000056   Code   RO         1414    .text.lcd_clear     bsp_lcd.o
    0x0800a216   0x0800a216   0x00000002   PAD
    0x0800a218   0x0800a218   0x00000204   Code   RO           31    .text.main          main.o
    0x0800a41c   0x0800a41c   0x0000008a   Code   RO         1729    .text.move_window   ff.o
    0x0800a4a6   0x0800a4a6   0x00000002   PAD
    0x0800a4a8   0x0800a4a8   0x00000104   Code   RO         1791    .text.put_fat       ff.o
    0x0800a5ac   0x0800a5ac   0x00000038   Code   RO         1576    .text.recorde_mode  app_ui.o
    0x0800a5e4   0x0800a5e4   0x0000002e   Code   RO         1493    .text.sd_init       bsp_sdio.o
    0x0800a612   0x0800a612   0x00000002   PAD
    0x0800a614   0x0800a614   0x0000005a   Code   RO         1499    .text.sd_read_disk  bsp_sdio.o
    0x0800a66e   0x0800a66e   0x00000002   PAD
    0x0800a670   0x0800a670   0x0000005c   Code   RO         1501    .text.sd_write_disk  bsp_sdio.o
    0x0800a6cc   0x0800a6cc   0x00000120   Code   RO         1574    .text.start_up      app_ui.o
    0x0800a7ec   0x0800a7ec   0x000000d2   Code   RO         1743    .text.sync_fs       ff.o
    0x0800a8be   0x0800a8be   0x00000002   PAD
    0x0800a8c0   0x0800a8c0   0x0000005a   Code   RO         1773    .text.sync_window   ff.o
    0x0800a91a   0x0800a91a   0x00000002   PAD
    0x0800a91c   0x0800a91c   0x00000500   Code   RO         1444    .text.ws2812_blue   bsp_ws2812b.o
    0x0800ae1c   0x0800ae1c   0x00000500   Code   RO         1448    .text.ws2812_green  bsp_ws2812b.o
    0x0800b31c   0x0800b31c   0x00000334   Code   RO         1442    .text.ws2812_init   bsp_ws2812b.o
    0x0800b650   0x0800b650   0x00000500   Code   RO         1446    .text.ws2812_red    bsp_ws2812b.o
    0x0800bb50   0x0800bb50   0x00000062   Code   RO         1920    x$fpl$d2f           fz_wm.l(d2f.o)
    0x0800bbb2   0x0800bbb2   0x00000002   PAD
    0x0800bbb4   0x0800bbb4   0x00000150   Code   RO         1922    x$fpl$dadd          fz_wm.l(daddsub_clz.o)
    0x0800bd04   0x0800bd04   0x0000002e   Code   RO         1929    x$fpl$dflt          fz_wm.l(dflt_clz.o)
    0x0800bd32   0x0800bd32   0x00000002   PAD
    0x0800bd34   0x0800bd34   0x00000154   Code   RO         1934    x$fpl$dmul          fz_wm.l(dmul.o)
    0x0800be88   0x0800be88   0x0000009c   Code   RO         1958    x$fpl$dnaninf       fz_wm.l(dnaninf.o)
    0x0800bf24   0x0800bf24   0x0000000c   Code   RO         1960    x$fpl$dretinf       fz_wm.l(dretinf.o)
    0x0800bf30   0x0800bf30   0x000001dc   Code   RO         1924    x$fpl$dsub          fz_wm.l(daddsub_clz.o)
    0x0800c10c   0x0800c10c   0x0000001a   Code   RO         2188    x$fpl$fpinit        fz_wm.l(fpinit.o)
    0x0800c126   0x0800c126   0x0000000a   Code   RO         1962    x$fpl$fretinf       fz_wm.l(fretinf.o)
    0x0800c130   0x0800c130   0x00000000   Code   RO         1964    x$fpl$usenofp       fz_wm.l(usenofp.o)
    0x0800c130   0x0800c130   0x00000010   Data   RO         1384    .rodata.AHBPrescTable  system_stm32f4xx.o
    0x0800c140   0x0800c140   0x00000008   Data   RO         1385    .rodata.APBPrescTable  system_stm32f4xx.o
    0x0800c148   0x0800c148   0x00000080   Data   RO         1798    .rodata.ExCvt       ff.o
    0x0800c1c8   0x0800c1c8   0x0000000d   Data   RO         1799    .rodata.LfnOfs      ff.o
    0x0800c1d5   0x0800c1d5   0x00000003   PAD
    0x0800c1d8   0x0800c1d8   0x00000014   Data   RO         1641    .rodata.SD_Driver   sd_diskio.o
    0x0800c1ec   0x0800c1ec   0x00000100   Data   RO         1832    .rodata.Tbl         ccsbcs.o
    0x0800c2ec   0x0800c2ec   0x00000008   Data   RO         1863    .rodata.__stderr_name  retarget_io.o
    0x0800c2f4   0x0800c2f4   0x00000007   Data   RO         1861    .rodata.__stdin_name  retarget_io.o
    0x0800c2fb   0x0800c2fb   0x00000008   Data   RO         1862    .rodata.__stdout_name  retarget_io.o
    0x0800c303   0x0800c303   0x00000474   Data   RO         1428    .rodata.ascii_1206  bsp_lcd.o
    0x0800c777   0x0800c777   0x000005f0   Data   RO         1429    .rodata.ascii_1608  bsp_lcd.o
    0x0800cd67   0x0800cd67   0x000011d0   Data   RO         1430    .rodata.ascii_2412  bsp_lcd.o
    0x0800df37   0x0800df37   0x000017c0   Data   RO         1431    .rodata.ascii_3216  bsp_lcd.o
    0x0800f6f7   0x0800f6f7   0x00000008   Data   RO          447    .rodata.cst8        stm32f4xx_hal_dma.o
    0x0800f6ff   0x0800f6ff   0x0000016b   Data   RO         1543    .rodata.str1.1      app_sdio.o
    0x0800f86a   0x0800f86a   0x00000027   Data   RO         1581    .rodata.str1.1      app_ui.o
    0x0800f891   0x0800f891   0x00000010   Data   RO         1797    .rodata.str1.1      ff.o
    0x0800f8a1   0x0800f8a1   0x00000001   PAD
    0x0800f8a2   0x0800f8a2   0x0000001c   Data   RO         1794    .rodata.str2.2      ff.o
    0x0800f8be   0x0800f8be   0x000002ae   Data   RO         1833    .rodata.str2.2      ccsbcs.o
    0x0800fb6c   0x0800fb6c   0x00000020   Data   RO         2274    Region$$Table       anon$$obj.o


    Execution Region RW_IRAM1 (Exec base: 0x20000000, Load base: 0x0800fb90, Size: 0x00002258, Max: 0x0001c000, ABSOLUTE, COMPRESSED[0x000000e0])

    Exec Addr    Load Addr    Size         Type   Attr      Idx    E Section Name        Object

    0x20000000   COMPRESSED   0x00000004   Data   RW         1951    .data               c_w.l(stdio_streams.o)
    0x20000004   COMPRESSED   0x00000004   Data   RW         1952    .data               c_w.l(stdio_streams.o)
    0x20000008   COMPRESSED   0x00000004   Data   RW         1953    .data               c_w.l(stdio_streams.o)
    0x2000000c   COMPRESSED   0x00000008   Data   RW          619    .data..L_MergedGlobals  stm32f4xx_hal.o
    0x20000014   COMPRESSED   0x0000009f   Data   RW         1540    .data.CarDataHead1  app_sdio.o
    0x200000b3   COMPRESSED   0x00000077   Data   RW         1541    .data.CarDataHead2  app_sdio.o
    0x2000012a   COMPRESSED   0x00000001   Data   RW         1642    .data.Stat          sd_diskio.o
    0x2000012b   COMPRESSED   0x00000001   Data   RW         1670    .data.Stat          user_diskio.o
    0x2000012c   COMPRESSED   0x00000004   Data   RW         1383    .data.SystemCoreClock  system_stm32f4xx.o
    0x20000130   COMPRESSED   0x00000014   Data   RW         1542    .data.TitleHead     app_sdio.o
    0x20000144   COMPRESSED   0x00000014   Data   RW         1669    .data.USER_Driver   user_diskio.o
    0x20000158        -       0x00000054   Zero   RW         1948    .bss                c_w.l(stdio_streams.o)
    0x200001ac        -       0x00000054   Zero   RW         1949    .bss                c_w.l(stdio_streams.o)
    0x20000200        -       0x00000054   Zero   RW         1950    .bss                c_w.l(stdio_streams.o)
    0x20000254        -       0x00000060   Zero   RW         2145    .bss                c_w.l(libspace.o)
    0x200002b4        -       0x00000038   Zero   RW         1470    .bss..L_MergedGlobals  bsp_can.o
    0x200002ec        -       0x00000400   Zero   RW           16    .bss.CarDataBuffer  variable.o
    0x200006ec        -       0x00000001   Zero   RW           13    .bss.Display_mode   variable.o
    0x200006ed   COMPRESSED   0x00000003   PAD
    0x200006f0        -       0x00000008   Zero   RW         1793    .bss.FatFs          ff.o
    0x200006f8        -       0x00000004   Zero   RW           14    .bss.FileName       variable.o
    0x200006fc        -       0x00000020   Zero   RW         1795    .bss.Files          ff.o
    0x2000071c        -       0x00000002   Zero   RW         1796    .bss.Fsid           ff.o
    0x2000071e   COMPRESSED   0x00000002   PAD
    0x20000720        -       0x00000004   Zero   RW           65    .bss.HAL_RCC_CAN1_CLK_ENABLED  can.o
    0x20000724        -       0x00000002   Zero   RW           12    .bss.MessageCount   variable.o
    0x20000726        -       0x000000d0   Zero   RW         1452    .bss.RGB_buffur     bsp_ws2812b.o
    0x200007f6        -       0x00000064   Zero   RW           15    .bss.ReadBuffer     variable.o
    0x2000085a        -       0x00000004   Zero   RW         1682    .bss.SDPath         fatfs.o
    0x2000085e        -       0x00000001   Zero   RW           19    .bss.SDSendStateflg  variable.o
    0x2000085f        -       0x00000001   Zero   RW           18    .bss.SDWrongFlag    variable.o
    0x20000860        -       0x00000004   Zero   RW         1684    .bss.USERPath       fatfs.o
    0x20000864        -       0x0000000a   Zero   RW           17    .bss.buffer         variable.o
    0x2000086e   COMPRESSED   0x00000002   PAD
    0x20000870        -       0x00000010   Zero   RW         1818    .bss.disk           ff_gen_drv.o
    0x20000880        -       0x00000001   Zero   RW           24    .bss.f_res          variable.o
    0x20000881   COMPRESSED   0x00000003   PAD
    0x20000884        -       0x00000230   Zero   RW           23    .bss.file           variable.o
    0x20000ab4        -       0x00000004   Zero   RW           25    .bss.fnum           variable.o
    0x20000ab8        -       0x00000234   Zero   RW           22    .bss.fs             variable.o
    0x20000cec        -       0x00000020   Zero   RW         1505    .bss.g_sd_card_info_handle  bsp_sdio.o
    0x20000d0c        -       0x00000028   Zero   RW           63    .bss.hcan1          can.o
    0x20000d34        -       0x00000028   Zero   RW           64    .bss.hcan2          can.o
    0x20000d5c        -       0x00000060   Zero   RW          105    .bss.hdma_spi1_tx   spi.o
    0x20000dbc        -       0x00000060   Zero   RW          126    .bss.hdma_tim1_ch1  tim.o
    0x20000e1c        -       0x00000084   Zero   RW           89    .bss.hsd            sdio.o
    0x20000ea0        -       0x00000058   Zero   RW          104    .bss.hspi1          spi.o
    0x20000ef8        -       0x00000048   Zero   RW          124    .bss.htim1          tim.o
    0x20000f40        -       0x00000048   Zero   RW          125    .bss.htim2          tim.o
    0x20000f88        -       0x00000044   Zero   RW          143    .bss.huart1         usart.o
    0x20000fcc        -       0x00000001   Zero   RW         1481    .bss.key_scan.key_up  bsp_key.o
    0x20000fcd        -       0x00000001   Zero   RW         1578    .bss.loop_flag      app_ui.o
    0x20000fce   COMPRESSED   0x00000002   PAD
    0x20000fd0        -       0x00000078   Zero   RW           20    .bss.racingCarData  variable.o
    0x20001048        -       0x00000001   Zero   RW         1580    .bss.recode_mode_flag  app_ui.o
    0x20001049        -       0x00000001   Zero   RW         1683    .bss.retSD          fatfs.o
    0x2000104a        -       0x00000001   Zero   RW         1685    .bss.retUSER        fatfs.o
    0x2000104b        -       0x00000001   Zero   RW           11    .bss.sd_data_send_mes  variable.o
    0x2000104c        -       0x00000001   Zero   RW         1579    .bss.start_up_flag  app_ui.o
    0x2000104d   COMPRESSED   0x00000003   PAD
    0x20001050        -       0x00000004   Zero   RW          618    .bss.uwTick         stm32f4xx_hal.o
    0x20001054   COMPRESSED   0x00000004   PAD
    0x20001058        -       0x00000200   Zero   RW            2    HEAP                startup_stm32f405xx.o
    0x20001258        -       0x00001000   Zero   RW            1    STACK               startup_stm32f405xx.o


    Execution Region RW_IRAM2 (Exec base: 0x2001c000, Load base: 0x0800fc70, Size: 0x00000000, Max: 0x00004000, ABSOLUTE)

    **** No section assigned to this execution region ****


==============================================================================

Image component sizes


      Code (inc. data)   RO Data    RW Data    ZI Data      Debug   Object Name

      1212         44          0          0          0       2026   app_can.o
      2408         16          0          0          0      42858   app_fatdata.o
      1544        400        363        298          0       4849   app_sdio.o
       344          0         39          0          3        822   app_ui.o
       120          0          0          0         56       4175   bsp_can.o
       192          0          0          0          0       6791   bsp_driver_sd.o
       184          0          0          0          1       1513   bsp_key.o
      5740          0      13300          0          0      27843   bsp_lcd.o
       228          0          0          0         32       6494   bsp_sdio.o
      4680          0          0          0        208      15042   bsp_ws2812b.o
       404          0          0          0         84       6498   can.o
       266         10        942          0          0       1837   ccsbcs.o
       174          4          0          0          0       2741   diskio.o
        72          0          0          0          0       3407   dma.o
        68          0          0          0         10       2077   fatfs.o
        20          0          0          0          0       1163   fatfs_platform.o
      8846         52        185          0         42      64345   ff.o
        76          0          0          0         16       3249   ff_gen_drv.o
       242          0          0          0          0       2234   gpio.o
       702         80          0          0          0       3833   main.o
       610          0         23          0          0       4818   retarget_io.o
       242          4         20          1          0       3216   sd_diskio.o
       216          0          0          0        132       7146   sdio.o
       242          0          0          0        184       5135   spi.o
        64         26        392          0       4608        840   startup_stm32f405xx.o
       204          0          0          8          4       7236   stm32f4xx_hal.o
      1160          6          0          0          0      13823   stm32f4xx_hal_can.o
       200          0          0          0          0      10466   stm32f4xx_hal_cortex.o
       996          6          8          0          0      10592   stm32f4xx_hal_dma.o
       442          0          0          0          0       5251   stm32f4xx_hal_gpio.o
        56          0          0          0          0       1449   stm32f4xx_hal_msp.o
      1420          0          0          0          0       7416   stm32f4xx_hal_rcc.o
      3084          0          0          0          0      27102   stm32f4xx_hal_sd.o
       928          0          0          0          0      26042   stm32f4xx_hal_spi.o
      2602         14          0          0          0      55029   stm32f4xx_hal_tim.o
       258          0          0          0          0      21234   stm32f4xx_hal_tim_ex.o
       978          0          0          0          0      31711   stm32f4xx_hal_uart.o
        80          0          0          0          0       6451   stm32f4xx_it.o
      1626          0          0          0          0      21545   stm32f4xx_ll_sdmmc.o
        18          0         24          4          0       2641   system_stm32f4xx.o
       600          0          0          0        240       7236   tim.o
       262          0          0          0         68       5556   usart.o
        44          0          0         21          0       1741   user_diskio.o
         0          0          0          0       2393       3699   variable.o

    ----------------------------------------------------------------------
     44068        666      15332        332       8100     491172   Object Totals
         0          0         32          0          0          0   (incl. Generated)
       214          4          4          0         19          0   (incl. Padding)

    ----------------------------------------------------------------------

      Code (inc. data)   RO Data    RW Data    ZI Data      Debug   Library Member Name

        90          0          0          0          0          0   __dczerorl2.o
         8          0          0          0          0         68   __main.o
       104          0          0          0          0         84   __printf.o
         0          0          0          0          0          0   __rtentry.o
        12          0          0          0          0          0   __rtentry2.o
         6          0          0          0          0          0   __rtentry4.o
        52          8          0          0          0          0   __scatter.o
        28          0          0          0          0          0   __scatter_zi.o
        44          0          0          0          0        108   _printf_char.o
        48          6          0          0          0         96   _printf_char_common.o
        36          4          0          0          0         80   _printf_char_file.o
         6          0          0          0          0          0   _printf_d.o
       120         16          0          0          0         92   _printf_dec.o
       178          0          0          0          0         88   _printf_intcommon.o
         0          0          0          0          0          0   _printf_percent.o
         4          0          0          0          0          0   _printf_percent_end.o
         6          0          0          0          0          0   _printf_s.o
        82          0          0          0          0         80   _printf_str.o
        10          0          0          0          0         68   defsig_exit.o
        50          0          0          0          0         88   defsig_general.o
        80         58          0          0          0         76   defsig_rtmem_inner.o
        14          0          0          0          0         80   defsig_rtmem_outer.o
        52         38          0          0          0         76   defsig_rtred_inner.o
        14          0          0          0          0         80   defsig_rtred_outer.o
        18          0          0          0          0         80   exit.o
        76          0          0          0          0         88   fclose.o
         8          0          0          0          0         68   ferror.o
       240          6          0          0          0        128   fopen.o
       248          6          0          0          0         84   fseek.o
        66          0          0          0          0         76   ftell.o
        94          0          0          0          0         80   h1_alloc.o
        52          0          0          0          0         68   h1_extend.o
        78          0          0          0          0         80   h1_free.o
        14          0          0          0          0         84   h1_init.o
         6          0          0          0          0        152   heapauxi.o
         4          0          0          0          0        136   hguard.o
         0          0          0          0          0          0   indicate_semi.o
       138          0          0          0          0        168   init_alloc.o
       312         46          0          0          0        112   initio.o
         2          0          0          0          0          0   libinit.o
        18          0          0          0          0          0   libinit2.o
         2          0          0          0          0          0   libshutdown.o
         6          0          0          0          0          0   libshutdown2.o
         8          4          0          0         96         68   libspace.o
       240          0          0          0          0        100   lludivv7m.o
         0          0          0          0          0          0   maybetermalloc1.o
        24          4          0          0          0         84   noretval__2printf.o
        44          4          0          0          0         84   puts.o
         8          4          0          0          0         68   rt_errno_addr_intlibspace.o
         8          4          0          0          0         68   rt_heap_descriptor_intlibspace.o
        68          0          0          0          0         68   rt_memclr.o
        78          0          0          0          0         80   rt_memclr_w.o
         2          0          0          0          0          0   rtexit.o
        10          0          0          0          0          0   rtexit2.o
        70          0          0          0          0         80   setvbuf.o
       264          6          0          0          0        160   stdio.o
         0          0          0         12        252          0   stdio_streams.o
       124          0          0          0          0         88   strcmpv7em.o
        12          4          0          0          0         68   sys_exit.o
        74          0          0          0          0         80   sys_stackheap_outer.o
        14          0          0          0          0         76   sys_wrch.o
         2          0          0          0          0         68   use_no_semi.o
        98          4          0          0          0        140   d2f.o
       812         16          0          0          0        392   daddsub_clz.o
        46          0          0          0          0        116   dflt_clz.o
       340         12          0          0          0        152   dmul.o
       156          4          0          0          0        140   dnaninf.o
        12          0          0          0          0        116   dretinf.o
        26          0          0          0          0        116   fpinit.o
        10          0          0          0          0        116   fretinf.o
         0          0          0          0          0          0   usenofp.o

    ----------------------------------------------------------------------
      4996        254          0         12        348       5096   Library Totals
        20          0          0          0          0          0   (incl. Padding)

    ----------------------------------------------------------------------

      Code (inc. data)   RO Data    RW Data    ZI Data      Debug   Library Name

      3476        218          0         12        348       3808   c_w.l
      1500         36          0          0          0       1288   fz_wm.l

    ----------------------------------------------------------------------
      4996        254          0         12        348       5096   Library Totals

    ----------------------------------------------------------------------

==============================================================================


      Code (inc. data)   RO Data    RW Data    ZI Data      Debug   

     49064        920      15332        344       8448     492568   Grand Totals
     49064        920      15332        224       8448     492568   ELF Image Totals (compressed)
     49064        920      15332        224          0          0   ROM Totals

==============================================================================

    Total RO  Size (Code + RO Data)                64396 (  62.89kB)
    Total RW  Size (RW Data + ZI Data)              8792 (   8.59kB)
    Total ROM Size (Code + RO Data + RW Data)      64620 (  63.11kB)

==============================================================================

